10:27:41 **** Incremental Build of configuration Debug for project cube-codes ****
make all 
Building file: ../Src/main.c
Invoking: MCU GCC Compiler
/home/liguo/project/noneLab/noneLab-version-1.1/stm32/cube-codes/Debug
arm-none-eabi-gcc -mcpu=cortex-m3 -mthumb -mfloat-abi=soft '-D__weak=__attribute__((weak))' '-D__packed="__attribute__((__packed__))"' -DUSE_HAL_DRIVER -DSTM32F103xE -I"/home/liguo/project/noneLab/noneLab-version-1.1/stm32/cube-codes/Inc" -I"/home/liguo/project/noneLab/noneLab-version-1.1/stm32/cube-codes/Drivers/STM32F1xx_HAL_Driver/Inc" -I"/home/liguo/project/noneLab/noneLab-version-1.1/stm32/cube-codes/Drivers/STM32F1xx_HAL_Driver/Inc/Legacy" -I"/home/liguo/project/noneLab/noneLab-version-1.1/stm32/cube-codes/Drivers/CMSIS/Device/ST/STM32F1xx/Include" -I"/home/liguo/project/noneLab/noneLab-version-1.1/stm32/cube-codes/Drivers/CMSIS/Include"  -Og -g3 -Wall -fmessage-length=0 -ffunction-sections -c -fmessage-length=0 -MMD -MP -MF"Src/main.d" -MT"Src/main.o" -o "Src/main.o" "../Src/main.c"
../Src/main.c: In function 'main':
../Src/main.c:144:30: warning: pointer targets in passing argument 2 of 'HAL_UART_Transmit' differ in signedness [-Wpointer-sign]
    HAL_UART_Transmit(&huart1,TxData,24,0xffff);
                              ^~~~~~
In file included from /home/liguo/project/noneLab/noneLab-version-1.1/stm32/cube-codes/Inc/stm32f1xx_hal_conf.h:315:0,
                 from /home/liguo/project/noneLab/noneLab-version-1.1/stm32/cube-codes/Drivers/STM32F1xx_HAL_Driver/Inc/stm32f1xx_hal.h:46,
                 from ../Src/main.c:41:
/home/liguo/project/noneLab/noneLab-version-1.1/stm32/cube-codes/Drivers/STM32F1xx_HAL_Driver/Inc/stm32f1xx_hal_uart.h:635:19: note: expected 'uint8_t * {aka unsigned char *}' but argument is of type 'char *'
 HAL_StatusTypeDef HAL_UART_Transmit(UART_HandleTypeDef *huart, uint8_t *pData, uint16_t Size, uint32_t Timeout);
                   ^~~~~~~~~~~~~~~~~
../Src/main.c:126:12: warning: unused variable 'adcData' [-Wunused-variable]
   uint16_t adcData[5];
            ^~~~~~~
../Src/main.c:125:8: warning: unused variable 'adcStr' [-Wunused-variable]
   char adcStr[6];
        ^~~~~~
Finished building: ../Src/main.c
 
Building target: cube-codes.elf
Invoking: MCU GCC Linker
arm-none-eabi-gcc -mcpu=cortex-m3 -mthumb -mfloat-abi=soft -specs=nosys.specs -specs=nano.specs -T"../STM32F103ZETx_FLASH.ld" -Wl,-Map=output.map -Wl,--gc-sections -o "cube-codes.elf" @"objects.list"   -lm
Finished building target: cube-codes.elf
 
make --no-print-directory post-build
Generating binary and Printing size information:
arm-none-eabi-objcopy -O binary "cube-codes.elf" "cube-codes.bin"
arm-none-eabi-size "cube-codes.elf"
   text	   data	    bss	    dec	    hex	filename
  12432	    120	   1760	  14312	   37e8	cube-codes.elf
 

10:27:42 Build Finished (took 761ms)

