21:08:19 **** Build of configuration Debug for project f4 ****
make all 
Building file: ../startup/startup_stm32f427xx.s
Invoking: MCU GCC Assembler
/home/liguo/project/noneLab/noneLab-version-1.1/stm32/f4/Debug
arm-none-eabi-as -mcpu=cortex-m4 -mthumb -mfloat-abi=hard -mfpu=fpv4-sp-d16 -g -o "startup/startup_stm32f427xx.o" "../startup/startup_stm32f427xx.s"
Finished building: ../startup/startup_stm32f427xx.s
 
Building file: ../Src/main.c
Invoking: MCU GCC Compiler
/home/liguo/project/noneLab/noneLab-version-1.1/stm32/f4/Debug
arm-none-eabi-gcc -mcpu=cortex-m4 -mthumb -mfloat-abi=hard -mfpu=fpv4-sp-d16 '-D__weak=__attribute__((weak))' '-D__packed="__attribute__((__packed__))"' -DUSE_HAL_DRIVER -DSTM32F427xx -I"/home/liguo/project/noneLab/noneLab-version-1.1/stm32/f4/Inc" -I"/home/liguo/project/noneLab/noneLab-version-1.1/stm32/f4/Drivers/STM32F4xx_HAL_Driver/Inc" -I"/home/liguo/project/noneLab/noneLab-version-1.1/stm32/f4/Drivers/STM32F4xx_HAL_Driver/Inc/Legacy" -I"/home/liguo/project/noneLab/noneLab-version-1.1/stm32/f4/Drivers/CMSIS/Device/ST/STM32F4xx/Include" -I"/home/liguo/project/noneLab/noneLab-version-1.1/stm32/f4/Drivers/CMSIS/Include"  -Og -g3 -Wall -fmessage-length=0 -ffunction-sections -c -fmessage-length=0 -MMD -MP -MF"Src/main.d" -MT"Src/main.o" -o "Src/main.o" "../Src/main.c"
Finished building: ../Src/main.c
 
Building file: ../Src/stm32f4xx_hal_msp.c
Invoking: MCU GCC Compiler
/home/liguo/project/noneLab/noneLab-version-1.1/stm32/f4/Debug
arm-none-eabi-gcc -mcpu=cortex-m4 -mthumb -mfloat-abi=hard -mfpu=fpv4-sp-d16 '-D__weak=__attribute__((weak))' '-D__packed="__attribute__((__packed__))"' -DUSE_HAL_DRIVER -DSTM32F427xx -I"/home/liguo/project/noneLab/noneLab-version-1.1/stm32/f4/Inc" -I"/home/liguo/project/noneLab/noneLab-version-1.1/stm32/f4/Drivers/STM32F4xx_HAL_Driver/Inc" -I"/home/liguo/project/noneLab/noneLab-version-1.1/stm32/f4/Drivers/STM32F4xx_HAL_Driver/Inc/Legacy" -I"/home/liguo/project/noneLab/noneLab-version-1.1/stm32/f4/Drivers/CMSIS/Device/ST/STM32F4xx/Include" -I"/home/liguo/project/noneLab/noneLab-version-1.1/stm32/f4/Drivers/CMSIS/Include"  -Og -g3 -Wall -fmessage-length=0 -ffunction-sections -c -fmessage-length=0 -MMD -MP -MF"Src/stm32f4xx_hal_msp.d" -MT"Src/stm32f4xx_hal_msp.o" -o "Src/stm32f4xx_hal_msp.o" "../Src/stm32f4xx_hal_msp.c"
Finished building: ../Src/stm32f4xx_hal_msp.c
 
Building file: ../Src/stm32f4xx_it.c
Invoking: MCU GCC Compiler
/home/liguo/project/noneLab/noneLab-version-1.1/stm32/f4/Debug
arm-none-eabi-gcc -mcpu=cortex-m4 -mthumb -mfloat-abi=hard -mfpu=fpv4-sp-d16 '-D__weak=__attribute__((weak))' '-D__packed="__attribute__((__packed__))"' -DUSE_HAL_DRIVER -DSTM32F427xx -I"/home/liguo/project/noneLab/noneLab-version-1.1/stm32/f4/Inc" -I"/home/liguo/project/noneLab/noneLab-version-1.1/stm32/f4/Drivers/STM32F4xx_HAL_Driver/Inc" -I"/home/liguo/project/noneLab/noneLab-version-1.1/stm32/f4/Drivers/STM32F4xx_HAL_Driver/Inc/Legacy" -I"/home/liguo/project/noneLab/noneLab-version-1.1/stm32/f4/Drivers/CMSIS/Device/ST/STM32F4xx/Include" -I"/home/liguo/project/noneLab/noneLab-version-1.1/stm32/f4/Drivers/CMSIS/Include"  -Og -g3 -Wall -fmessage-length=0 -ffunction-sections -c -fmessage-length=0 -MMD -MP -MF"Src/stm32f4xx_it.d" -MT"Src/stm32f4xx_it.o" -o "Src/stm32f4xx_it.o" "../Src/stm32f4xx_it.c"
Finished building: ../Src/stm32f4xx_it.c
 
Building file: ../Src/system_stm32f4xx.c
Invoking: MCU GCC Compiler
/home/liguo/project/noneLab/noneLab-version-1.1/stm32/f4/Debug
arm-none-eabi-gcc -mcpu=cortex-m4 -mthumb -mfloat-abi=hard -mfpu=fpv4-sp-d16 '-D__weak=__attribute__((weak))' '-D__packed="__attribute__((__packed__))"' -DUSE_HAL_DRIVER -DSTM32F427xx -I"/home/liguo/project/noneLab/noneLab-version-1.1/stm32/f4/Inc" -I"/home/liguo/project/noneLab/noneLab-version-1.1/stm32/f4/Drivers/STM32F4xx_HAL_Driver/Inc" -I"/home/liguo/project/noneLab/noneLab-version-1.1/stm32/f4/Drivers/STM32F4xx_HAL_Driver/Inc/Legacy" -I"/home/liguo/project/noneLab/noneLab-version-1.1/stm32/f4/Drivers/CMSIS/Device/ST/STM32F4xx/Include" -I"/home/liguo/project/noneLab/noneLab-version-1.1/stm32/f4/Drivers/CMSIS/Include"  -Og -g3 -Wall -fmessage-length=0 -ffunction-sections -c -fmessage-length=0 -MMD -MP -MF"Src/system_stm32f4xx.d" -MT"Src/system_stm32f4xx.o" -o "Src/system_stm32f4xx.o" "../Src/system_stm32f4xx.c"
Finished building: ../Src/system_stm32f4xx.c
 
Building file: ../Drivers/STM32F4xx_HAL_Driver/Src/stm32f4xx_hal.c
Invoking: MCU GCC Compiler
/home/liguo/project/noneLab/noneLab-version-1.1/stm32/f4/Debug
arm-none-eabi-gcc -mcpu=cortex-m4 -mthumb -mfloat-abi=hard -mfpu=fpv4-sp-d16 '-D__weak=__attribute__((weak))' '-D__packed="__attribute__((__packed__))"' -DUSE_HAL_DRIVER -DSTM32F427xx -I"/home/liguo/project/noneLab/noneLab-version-1.1/stm32/f4/Inc" -I"/home/liguo/project/noneLab/noneLab-version-1.1/stm32/f4/Drivers/STM32F4xx_HAL_Driver/Inc" -I"/home/liguo/project/noneLab/noneLab-version-1.1/stm32/f4/Drivers/STM32F4xx_HAL_Driver/Inc/Legacy" -I"/home/liguo/project/noneLab/noneLab-version-1.1/stm32/f4/Drivers/CMSIS/Device/ST/STM32F4xx/Include" -I"/home/liguo/project/noneLab/noneLab-version-1.1/stm32/f4/Drivers/CMSIS/Include"  -Og -g3 -Wall -fmessage-length=0 -ffunction-sections -c -fmessage-length=0 -MMD -MP -MF"Drivers/STM32F4xx_HAL_Driver/Src/stm32f4xx_hal.d" -MT"Drivers/STM32F4xx_HAL_Driver/Src/stm32f4xx_hal.o" -o "Drivers/STM32F4xx_HAL_Driver/Src/stm32f4xx_hal.o" "../Drivers/STM32F4xx_HAL_Driver/Src/stm32f4xx_hal.c"
Finished building: ../Drivers/STM32F4xx_HAL_Driver/Src/stm32f4xx_hal.c
 
Building file: ../Drivers/STM32F4xx_HAL_Driver/Src/stm32f4xx_hal_cortex.c
Invoking: MCU GCC Compiler
/home/liguo/project/noneLab/noneLab-version-1.1/stm32/f4/Debug
arm-none-eabi-gcc -mcpu=cortex-m4 -mthumb -mfloat-abi=hard -mfpu=fpv4-sp-d16 '-D__weak=__attribute__((weak))' '-D__packed="__attribute__((__packed__))"' -DUSE_HAL_DRIVER -DSTM32F427xx -I"/home/liguo/project/noneLab/noneLab-version-1.1/stm32/f4/Inc" -I"/home/liguo/project/noneLab/noneLab-version-1.1/stm32/f4/Drivers/STM32F4xx_HAL_Driver/Inc" -I"/home/liguo/project/noneLab/noneLab-version-1.1/stm32/f4/Drivers/STM32F4xx_HAL_Driver/Inc/Legacy" -I"/home/liguo/project/noneLab/noneLab-version-1.1/stm32/f4/Drivers/CMSIS/Device/ST/STM32F4xx/Include" -I"/home/liguo/project/noneLab/noneLab-version-1.1/stm32/f4/Drivers/CMSIS/Include"  -Og -g3 -Wall -fmessage-length=0 -ffunction-sections -c -fmessage-length=0 -MMD -MP -MF"Drivers/STM32F4xx_HAL_Driver/Src/stm32f4xx_hal_cortex.d" -MT"Drivers/STM32F4xx_HAL_Driver/Src/stm32f4xx_hal_cortex.o" -o "Drivers/STM32F4xx_HAL_Driver/Src/stm32f4xx_hal_cortex.o" "../Drivers/STM32F4xx_HAL_Driver/Src/stm32f4xx_hal_cortex.c"
Finished building: ../Drivers/STM32F4xx_HAL_Driver/Src/stm32f4xx_hal_cortex.c
 
Building file: ../Drivers/STM32F4xx_HAL_Driver/Src/stm32f4xx_hal_dma.c
Invoking: MCU GCC Compiler
/home/liguo/project/noneLab/noneLab-version-1.1/stm32/f4/Debug
arm-none-eabi-gcc -mcpu=cortex-m4 -mthumb -mfloat-abi=hard -mfpu=fpv4-sp-d16 '-D__weak=__attribute__((weak))' '-D__packed="__attribute__((__packed__))"' -DUSE_HAL_DRIVER -DSTM32F427xx -I"/home/liguo/project/noneLab/noneLab-version-1.1/stm32/f4/Inc" -I"/home/liguo/project/noneLab/noneLab-version-1.1/stm32/f4/Drivers/STM32F4xx_HAL_Driver/Inc" -I"/home/liguo/project/noneLab/noneLab-version-1.1/stm32/f4/Drivers/STM32F4xx_HAL_Driver/Inc/Legacy" -I"/home/liguo/project/noneLab/noneLab-version-1.1/stm32/f4/Drivers/CMSIS/Device/ST/STM32F4xx/Include" -I"/home/liguo/project/noneLab/noneLab-version-1.1/stm32/f4/Drivers/CMSIS/Include"  -Og -g3 -Wall -fmessage-length=0 -ffunction-sections -c -fmessage-length=0 -MMD -MP -MF"Drivers/STM32F4xx_HAL_Driver/Src/stm32f4xx_hal_dma.d" -MT"Drivers/STM32F4xx_HAL_Driver/Src/stm32f4xx_hal_dma.o" -o "Drivers/STM32F4xx_HAL_Driver/Src/stm32f4xx_hal_dma.o" "../Drivers/STM32F4xx_HAL_Driver/Src/stm32f4xx_hal_dma.c"
Finished building: ../Drivers/STM32F4xx_HAL_Driver/Src/stm32f4xx_hal_dma.c
 
Building file: ../Drivers/STM32F4xx_HAL_Driver/Src/stm32f4xx_hal_dma_ex.c
Invoking: MCU GCC Compiler
/home/liguo/project/noneLab/noneLab-version-1.1/stm32/f4/Debug
arm-none-eabi-gcc -mcpu=cortex-m4 -mthumb -mfloat-abi=hard -mfpu=fpv4-sp-d16 '-D__weak=__attribute__((weak))' '-D__packed="__attribute__((__packed__))"' -DUSE_HAL_DRIVER -DSTM32F427xx -I"/home/liguo/project/noneLab/noneLab-version-1.1/stm32/f4/Inc" -I"/home/liguo/project/noneLab/noneLab-version-1.1/stm32/f4/Drivers/STM32F4xx_HAL_Driver/Inc" -I"/home/liguo/project/noneLab/noneLab-version-1.1/stm32/f4/Drivers/STM32F4xx_HAL_Driver/Inc/Legacy" -I"/home/liguo/project/noneLab/noneLab-version-1.1/stm32/f4/Drivers/CMSIS/Device/ST/STM32F4xx/Include" -I"/home/liguo/project/noneLab/noneLab-version-1.1/stm32/f4/Drivers/CMSIS/Include"  -Og -g3 -Wall -fmessage-length=0 -ffunction-sections -c -fmessage-length=0 -MMD -MP -MF"Drivers/STM32F4xx_HAL_Driver/Src/stm32f4xx_hal_dma_ex.d" -MT"Drivers/STM32F4xx_HAL_Driver/Src/stm32f4xx_hal_dma_ex.o" -o "Drivers/STM32F4xx_HAL_Driver/Src/stm32f4xx_hal_dma_ex.o" "../Drivers/STM32F4xx_HAL_Driver/Src/stm32f4xx_hal_dma_ex.c"
Finished building: ../Drivers/STM32F4xx_HAL_Driver/Src/stm32f4xx_hal_dma_ex.c
 
Building file: ../Drivers/STM32F4xx_HAL_Driver/Src/stm32f4xx_hal_flash.c
Invoking: MCU GCC Compiler
/home/liguo/project/noneLab/noneLab-version-1.1/stm32/f4/Debug
arm-none-eabi-gcc -mcpu=cortex-m4 -mthumb -mfloat-abi=hard -mfpu=fpv4-sp-d16 '-D__weak=__attribute__((weak))' '-D__packed="__attribute__((__packed__))"' -DUSE_HAL_DRIVER -DSTM32F427xx -I"/home/liguo/project/noneLab/noneLab-version-1.1/stm32/f4/Inc" -I"/home/liguo/project/noneLab/noneLab-version-1.1/stm32/f4/Drivers/STM32F4xx_HAL_Driver/Inc" -I"/home/liguo/project/noneLab/noneLab-version-1.1/stm32/f4/Drivers/STM32F4xx_HAL_Driver/Inc/Legacy" -I"/home/liguo/project/noneLab/noneLab-version-1.1/stm32/f4/Drivers/CMSIS/Device/ST/STM32F4xx/Include" -I"/home/liguo/project/noneLab/noneLab-version-1.1/stm32/f4/Drivers/CMSIS/Include"  -Og -g3 -Wall -fmessage-length=0 -ffunction-sections -c -fmessage-length=0 -MMD -MP -MF"Drivers/STM32F4xx_HAL_Driver/Src/stm32f4xx_hal_flash.d" -MT"Drivers/STM32F4xx_HAL_Driver/Src/stm32f4xx_hal_flash.o" -o "Drivers/STM32F4xx_HAL_Driver/Src/stm32f4xx_hal_flash.o" "../Drivers/STM32F4xx_HAL_Driver/Src/stm32f4xx_hal_flash.c"
Finished building: ../Drivers/STM32F4xx_HAL_Driver/Src/stm32f4xx_hal_flash.c
 
Building file: ../Drivers/STM32F4xx_HAL_Driver/Src/stm32f4xx_hal_flash_ex.c
Invoking: MCU GCC Compiler
/home/liguo/project/noneLab/noneLab-version-1.1/stm32/f4/Debug
arm-none-eabi-gcc -mcpu=cortex-m4 -mthumb -mfloat-abi=hard -mfpu=fpv4-sp-d16 '-D__weak=__attribute__((weak))' '-D__packed="__attribute__((__packed__))"' -DUSE_HAL_DRIVER -DSTM32F427xx -I"/home/liguo/project/noneLab/noneLab-version-1.1/stm32/f4/Inc" -I"/home/liguo/project/noneLab/noneLab-version-1.1/stm32/f4/Drivers/STM32F4xx_HAL_Driver/Inc" -I"/home/liguo/project/noneLab/noneLab-version-1.1/stm32/f4/Drivers/STM32F4xx_HAL_Driver/Inc/Legacy" -I"/home/liguo/project/noneLab/noneLab-version-1.1/stm32/f4/Drivers/CMSIS/Device/ST/STM32F4xx/Include" -I"/home/liguo/project/noneLab/noneLab-version-1.1/stm32/f4/Drivers/CMSIS/Include"  -Og -g3 -Wall -fmessage-length=0 -ffunction-sections -c -fmessage-length=0 -MMD -MP -MF"Drivers/STM32F4xx_HAL_Driver/Src/stm32f4xx_hal_flash_ex.d" -MT"Drivers/STM32F4xx_HAL_Driver/Src/stm32f4xx_hal_flash_ex.o" -o "Drivers/STM32F4xx_HAL_Driver/Src/stm32f4xx_hal_flash_ex.o" "../Drivers/STM32F4xx_HAL_Driver/Src/stm32f4xx_hal_flash_ex.c"
Finished building: ../Drivers/STM32F4xx_HAL_Driver/Src/stm32f4xx_hal_flash_ex.c
 
Building file: ../Drivers/STM32F4xx_HAL_Driver/Src/stm32f4xx_hal_flash_ramfunc.c
Invoking: MCU GCC Compiler
/home/liguo/project/noneLab/noneLab-version-1.1/stm32/f4/Debug
arm-none-eabi-gcc -mcpu=cortex-m4 -mthumb -mfloat-abi=hard -mfpu=fpv4-sp-d16 '-D__weak=__attribute__((weak))' '-D__packed="__attribute__((__packed__))"' -DUSE_HAL_DRIVER -DSTM32F427xx -I"/home/liguo/project/noneLab/noneLab-version-1.1/stm32/f4/Inc" -I"/home/liguo/project/noneLab/noneLab-version-1.1/stm32/f4/Drivers/STM32F4xx_HAL_Driver/Inc" -I"/home/liguo/project/noneLab/noneLab-version-1.1/stm32/f4/Drivers/STM32F4xx_HAL_Driver/Inc/Legacy" -I"/home/liguo/project/noneLab/noneLab-version-1.1/stm32/f4/Drivers/CMSIS/Device/ST/STM32F4xx/Include" -I"/home/liguo/project/noneLab/noneLab-version-1.1/stm32/f4/Drivers/CMSIS/Include"  -Og -g3 -Wall -fmessage-length=0 -ffunction-sections -c -fmessage-length=0 -MMD -MP -MF"Drivers/STM32F4xx_HAL_Driver/Src/stm32f4xx_hal_flash_ramfunc.d" -MT"Drivers/STM32F4xx_HAL_Driver/Src/stm32f4xx_hal_flash_ramfunc.o" -o "Drivers/STM32F4xx_HAL_Driver/Src/stm32f4xx_hal_flash_ramfunc.o" "../Drivers/STM32F4xx_HAL_Driver/Src/stm32f4xx_hal_flash_ramfunc.c"
Finished building: ../Drivers/STM32F4xx_HAL_Driver/Src/stm32f4xx_hal_flash_ramfunc.c
 
Building file: ../Drivers/STM32F4xx_HAL_Driver/Src/stm32f4xx_hal_gpio.c
Invoking: MCU GCC Compiler
/home/liguo/project/noneLab/noneLab-version-1.1/stm32/f4/Debug
arm-none-eabi-gcc -mcpu=cortex-m4 -mthumb -mfloat-abi=hard -mfpu=fpv4-sp-d16 '-D__weak=__attribute__((weak))' '-D__packed="__attribute__((__packed__))"' -DUSE_HAL_DRIVER -DSTM32F427xx -I"/home/liguo/project/noneLab/noneLab-version-1.1/stm32/f4/Inc" -I"/home/liguo/project/noneLab/noneLab-version-1.1/stm32/f4/Drivers/STM32F4xx_HAL_Driver/Inc" -I"/home/liguo/project/noneLab/noneLab-version-1.1/stm32/f4/Drivers/STM32F4xx_HAL_Driver/Inc/Legacy" -I"/home/liguo/project/noneLab/noneLab-version-1.1/stm32/f4/Drivers/CMSIS/Device/ST/STM32F4xx/Include" -I"/home/liguo/project/noneLab/noneLab-version-1.1/stm32/f4/Drivers/CMSIS/Include"  -Og -g3 -Wall -fmessage-length=0 -ffunction-sections -c -fmessage-length=0 -MMD -MP -MF"Drivers/STM32F4xx_HAL_Driver/Src/stm32f4xx_hal_gpio.d" -MT"Drivers/STM32F4xx_HAL_Driver/Src/stm32f4xx_hal_gpio.o" -o "Drivers/STM32F4xx_HAL_Driver/Src/stm32f4xx_hal_gpio.o" "../Drivers/STM32F4xx_HAL_Driver/Src/stm32f4xx_hal_gpio.c"
Finished building: ../Drivers/STM32F4xx_HAL_Driver/Src/stm32f4xx_hal_gpio.c
 
Building file: ../Drivers/STM32F4xx_HAL_Driver/Src/stm32f4xx_hal_pwr.c
Invoking: MCU GCC Compiler
/home/liguo/project/noneLab/noneLab-version-1.1/stm32/f4/Debug
arm-none-eabi-gcc -mcpu=cortex-m4 -mthumb -mfloat-abi=hard -mfpu=fpv4-sp-d16 '-D__weak=__attribute__((weak))' '-D__packed="__attribute__((__packed__))"' -DUSE_HAL_DRIVER -DSTM32F427xx -I"/home/liguo/project/noneLab/noneLab-version-1.1/stm32/f4/Inc" -I"/home/liguo/project/noneLab/noneLab-version-1.1/stm32/f4/Drivers/STM32F4xx_HAL_Driver/Inc" -I"/home/liguo/project/noneLab/noneLab-version-1.1/stm32/f4/Drivers/STM32F4xx_HAL_Driver/Inc/Legacy" -I"/home/liguo/project/noneLab/noneLab-version-1.1/stm32/f4/Drivers/CMSIS/Device/ST/STM32F4xx/Include" -I"/home/liguo/project/noneLab/noneLab-version-1.1/stm32/f4/Drivers/CMSIS/Include"  -Og -g3 -Wall -fmessage-length=0 -ffunction-sections -c -fmessage-length=0 -MMD -MP -MF"Drivers/STM32F4xx_HAL_Driver/Src/stm32f4xx_hal_pwr.d" -MT"Drivers/STM32F4xx_HAL_Driver/Src/stm32f4xx_hal_pwr.o" -o "Drivers/STM32F4xx_HAL_Driver/Src/stm32f4xx_hal_pwr.o" "../Drivers/STM32F4xx_HAL_Driver/Src/stm32f4xx_hal_pwr.c"
Finished building: ../Drivers/STM32F4xx_HAL_Driver/Src/stm32f4xx_hal_pwr.c
 
Building file: ../Drivers/STM32F4xx_HAL_Driver/Src/stm32f4xx_hal_pwr_ex.c
Invoking: MCU GCC Compiler
/home/liguo/project/noneLab/noneLab-version-1.1/stm32/f4/Debug
arm-none-eabi-gcc -mcpu=cortex-m4 -mthumb -mfloat-abi=hard -mfpu=fpv4-sp-d16 '-D__weak=__attribute__((weak))' '-D__packed="__attribute__((__packed__))"' -DUSE_HAL_DRIVER -DSTM32F427xx -I"/home/liguo/project/noneLab/noneLab-version-1.1/stm32/f4/Inc" -I"/home/liguo/project/noneLab/noneLab-version-1.1/stm32/f4/Drivers/STM32F4xx_HAL_Driver/Inc" -I"/home/liguo/project/noneLab/noneLab-version-1.1/stm32/f4/Drivers/STM32F4xx_HAL_Driver/Inc/Legacy" -I"/home/liguo/project/noneLab/noneLab-version-1.1/stm32/f4/Drivers/CMSIS/Device/ST/STM32F4xx/Include" -I"/home/liguo/project/noneLab/noneLab-version-1.1/stm32/f4/Drivers/CMSIS/Include"  -Og -g3 -Wall -fmessage-length=0 -ffunction-sections -c -fmessage-length=0 -MMD -MP -MF"Drivers/STM32F4xx_HAL_Driver/Src/stm32f4xx_hal_pwr_ex.d" -MT"Drivers/STM32F4xx_HAL_Driver/Src/stm32f4xx_hal_pwr_ex.o" -o "Drivers/STM32F4xx_HAL_Driver/Src/stm32f4xx_hal_pwr_ex.o" "../Drivers/STM32F4xx_HAL_Driver/Src/stm32f4xx_hal_pwr_ex.c"
Finished building: ../Drivers/STM32F4xx_HAL_Driver/Src/stm32f4xx_hal_pwr_ex.c
 
Building file: ../Drivers/STM32F4xx_HAL_Driver/Src/stm32f4xx_hal_rcc.c
Invoking: MCU GCC Compiler
/home/liguo/project/noneLab/noneLab-version-1.1/stm32/f4/Debug
arm-none-eabi-gcc -mcpu=cortex-m4 -mthumb -mfloat-abi=hard -mfpu=fpv4-sp-d16 '-D__weak=__attribute__((weak))' '-D__packed="__attribute__((__packed__))"' -DUSE_HAL_DRIVER -DSTM32F427xx -I"/home/liguo/project/noneLab/noneLab-version-1.1/stm32/f4/Inc" -I"/home/liguo/project/noneLab/noneLab-version-1.1/stm32/f4/Drivers/STM32F4xx_HAL_Driver/Inc" -I"/home/liguo/project/noneLab/noneLab-version-1.1/stm32/f4/Drivers/STM32F4xx_HAL_Driver/Inc/Legacy" -I"/home/liguo/project/noneLab/noneLab-version-1.1/stm32/f4/Drivers/CMSIS/Device/ST/STM32F4xx/Include" -I"/home/liguo/project/noneLab/noneLab-version-1.1/stm32/f4/Drivers/CMSIS/Include"  -Og -g3 -Wall -fmessage-length=0 -ffunction-sections -c -fmessage-length=0 -MMD -MP -MF"Drivers/STM32F4xx_HAL_Driver/Src/stm32f4xx_hal_rcc.d" -MT"Drivers/STM32F4xx_HAL_Driver/Src/stm32f4xx_hal_rcc.o" -o "Drivers/STM32F4xx_HAL_Driver/Src/stm32f4xx_hal_rcc.o" "../Drivers/STM32F4xx_HAL_Driver/Src/stm32f4xx_hal_rcc.c"
Finished building: ../Drivers/STM32F4xx_HAL_Driver/Src/stm32f4xx_hal_rcc.c
 
Building file: ../Drivers/STM32F4xx_HAL_Driver/Src/stm32f4xx_hal_rcc_ex.c
Invoking: MCU GCC Compiler
/home/liguo/project/noneLab/noneLab-version-1.1/stm32/f4/Debug
arm-none-eabi-gcc -mcpu=cortex-m4 -mthumb -mfloat-abi=hard -mfpu=fpv4-sp-d16 '-D__weak=__attribute__((weak))' '-D__packed="__attribute__((__packed__))"' -DUSE_HAL_DRIVER -DSTM32F427xx -I"/home/liguo/project/noneLab/noneLab-version-1.1/stm32/f4/Inc" -I"/home/liguo/project/noneLab/noneLab-version-1.1/stm32/f4/Drivers/STM32F4xx_HAL_Driver/Inc" -I"/home/liguo/project/noneLab/noneLab-version-1.1/stm32/f4/Drivers/STM32F4xx_HAL_Driver/Inc/Legacy" -I"/home/liguo/project/noneLab/noneLab-version-1.1/stm32/f4/Drivers/CMSIS/Device/ST/STM32F4xx/Include" -I"/home/liguo/project/noneLab/noneLab-version-1.1/stm32/f4/Drivers/CMSIS/Include"  -Og -g3 -Wall -fmessage-length=0 -ffunction-sections -c -fmessage-length=0 -MMD -MP -MF"Drivers/STM32F4xx_HAL_Driver/Src/stm32f4xx_hal_rcc_ex.d" -MT"Drivers/STM32F4xx_HAL_Driver/Src/stm32f4xx_hal_rcc_ex.o" -o "Drivers/STM32F4xx_HAL_Driver/Src/stm32f4xx_hal_rcc_ex.o" "../Drivers/STM32F4xx_HAL_Driver/Src/stm32f4xx_hal_rcc_ex.c"
Finished building: ../Drivers/STM32F4xx_HAL_Driver/Src/stm32f4xx_hal_rcc_ex.c
 
Building file: ../Drivers/STM32F4xx_HAL_Driver/Src/stm32f4xx_hal_tim.c
Invoking: MCU GCC Compiler
/home/liguo/project/noneLab/noneLab-version-1.1/stm32/f4/Debug
arm-none-eabi-gcc -mcpu=cortex-m4 -mthumb -mfloat-abi=hard -mfpu=fpv4-sp-d16 '-D__weak=__attribute__((weak))' '-D__packed="__attribute__((__packed__))"' -DUSE_HAL_DRIVER -DSTM32F427xx -I"/home/liguo/project/noneLab/noneLab-version-1.1/stm32/f4/Inc" -I"/home/liguo/project/noneLab/noneLab-version-1.1/stm32/f4/Drivers/STM32F4xx_HAL_Driver/Inc" -I"/home/liguo/project/noneLab/noneLab-version-1.1/stm32/f4/Drivers/STM32F4xx_HAL_Driver/Inc/Legacy" -I"/home/liguo/project/noneLab/noneLab-version-1.1/stm32/f4/Drivers/CMSIS/Device/ST/STM32F4xx/Include" -I"/home/liguo/project/noneLab/noneLab-version-1.1/stm32/f4/Drivers/CMSIS/Include"  -Og -g3 -Wall -fmessage-length=0 -ffunction-sections -c -fmessage-length=0 -MMD -MP -MF"Drivers/STM32F4xx_HAL_Driver/Src/stm32f4xx_hal_tim.d" -MT"Drivers/STM32F4xx_HAL_Driver/Src/stm32f4xx_hal_tim.o" -o "Drivers/STM32F4xx_HAL_Driver/Src/stm32f4xx_hal_tim.o" "../Drivers/STM32F4xx_HAL_Driver/Src/stm32f4xx_hal_tim.c"
Finished building: ../Drivers/STM32F4xx_HAL_Driver/Src/stm32f4xx_hal_tim.c
 
Building file: ../Drivers/STM32F4xx_HAL_Driver/Src/stm32f4xx_hal_tim_ex.c
Invoking: MCU GCC Compiler
/home/liguo/project/noneLab/noneLab-version-1.1/stm32/f4/Debug
arm-none-eabi-gcc -mcpu=cortex-m4 -mthumb -mfloat-abi=hard -mfpu=fpv4-sp-d16 '-D__weak=__attribute__((weak))' '-D__packed="__attribute__((__packed__))"' -DUSE_HAL_DRIVER -DSTM32F427xx -I"/home/liguo/project/noneLab/noneLab-version-1.1/stm32/f4/Inc" -I"/home/liguo/project/noneLab/noneLab-version-1.1/stm32/f4/Drivers/STM32F4xx_HAL_Driver/Inc" -I"/home/liguo/project/noneLab/noneLab-version-1.1/stm32/f4/Drivers/STM32F4xx_HAL_Driver/Inc/Legacy" -I"/home/liguo/project/noneLab/noneLab-version-1.1/stm32/f4/Drivers/CMSIS/Device/ST/STM32F4xx/Include" -I"/home/liguo/project/noneLab/noneLab-version-1.1/stm32/f4/Drivers/CMSIS/Include"  -Og -g3 -Wall -fmessage-length=0 -ffunction-sections -c -fmessage-length=0 -MMD -MP -MF"Drivers/STM32F4xx_HAL_Driver/Src/stm32f4xx_hal_tim_ex.d" -MT"Drivers/STM32F4xx_HAL_Driver/Src/stm32f4xx_hal_tim_ex.o" -o "Drivers/STM32F4xx_HAL_Driver/Src/stm32f4xx_hal_tim_ex.o" "../Drivers/STM32F4xx_HAL_Driver/Src/stm32f4xx_hal_tim_ex.c"
Finished building: ../Drivers/STM32F4xx_HAL_Driver/Src/stm32f4xx_hal_tim_ex.c
 
Building file: ../Drivers/STM32F4xx_HAL_Driver/Src/stm32f4xx_hal_uart.c
Invoking: MCU GCC Compiler
/home/liguo/project/noneLab/noneLab-version-1.1/stm32/f4/Debug
arm-none-eabi-gcc -mcpu=cortex-m4 -mthumb -mfloat-abi=hard -mfpu=fpv4-sp-d16 '-D__weak=__attribute__((weak))' '-D__packed="__attribute__((__packed__))"' -DUSE_HAL_DRIVER -DSTM32F427xx -I"/home/liguo/project/noneLab/noneLab-version-1.1/stm32/f4/Inc" -I"/home/liguo/project/noneLab/noneLab-version-1.1/stm32/f4/Drivers/STM32F4xx_HAL_Driver/Inc" -I"/home/liguo/project/noneLab/noneLab-version-1.1/stm32/f4/Drivers/STM32F4xx_HAL_Driver/Inc/Legacy" -I"/home/liguo/project/noneLab/noneLab-version-1.1/stm32/f4/Drivers/CMSIS/Device/ST/STM32F4xx/Include" -I"/home/liguo/project/noneLab/noneLab-version-1.1/stm32/f4/Drivers/CMSIS/Include"  -Og -g3 -Wall -fmessage-length=0 -ffunction-sections -c -fmessage-length=0 -MMD -MP -MF"Drivers/STM32F4xx_HAL_Driver/Src/stm32f4xx_hal_uart.d" -MT"Drivers/STM32F4xx_HAL_Driver/Src/stm32f4xx_hal_uart.o" -o "Drivers/STM32F4xx_HAL_Driver/Src/stm32f4xx_hal_uart.o" "../Drivers/STM32F4xx_HAL_Driver/Src/stm32f4xx_hal_uart.c"
Finished building: ../Drivers/STM32F4xx_HAL_Driver/Src/stm32f4xx_hal_uart.c
 
Building target: f4.elf
Invoking: MCU GCC Linker
arm-none-eabi-gcc -mcpu=cortex-m4 -mthumb -mfloat-abi=hard -mfpu=fpv4-sp-d16 -specs=nosys.specs -specs=nano.specs -T"../STM32F427ZITx_FLASH.ld" -Wl,-Map=output.map -Wl,--gc-sections -o "f4.elf" @"objects.list"   -lm
Finished building target: f4.elf
 
make --no-print-directory post-build
Generating binary and Printing size information:
arm-none-eabi-objcopy -O binary "f4.elf" "f4.bin"
arm-none-eabi-size "f4.elf"
   text	   data	    bss	    dec	    hex	filename
   6140	     20	   1636	   7796	   1e74	f4.elf
 
21:08:25 **** Incremental Build of configuration Debug for project f4 ****
make all 
make: Nothing to be done for 'all'.
21:09:47 **** Incremental Build of configuration Debug for project f4 ****
make all 
Building file: ../Src/main.c
Invoking: MCU GCC Compiler
/home/liguo/project/noneLab/noneLab-version-1.1/stm32/f4/Debug
arm-none-eabi-gcc -mcpu=cortex-m4 -mthumb -mfloat-abi=hard -mfpu=fpv4-sp-d16 '-D__weak=__attribute__((weak))' '-D__packed="__attribute__((__packed__))"' -DUSE_HAL_DRIVER -DSTM32F427xx -I"/home/liguo/project/noneLab/noneLab-version-1.1/stm32/f4/Inc" -I"/home/liguo/project/noneLab/noneLab-version-1.1/stm32/f4/Drivers/STM32F4xx_HAL_Driver/Inc" -I"/home/liguo/project/noneLab/noneLab-version-1.1/stm32/f4/Drivers/STM32F4xx_HAL_Driver/Inc/Legacy" -I"/home/liguo/project/noneLab/noneLab-version-1.1/stm32/f4/Drivers/CMSIS/Device/ST/STM32F4xx/Include" -I"/home/liguo/project/noneLab/noneLab-version-1.1/stm32/f4/Drivers/CMSIS/Include"  -Og -g3 -Wall -fmessage-length=0 -ffunction-sections -c -fmessage-length=0 -MMD -MP -MF"Src/main.d" -MT"Src/main.o" -o "Src/main.o" "../Src/main.c"
../Src/main.c: In function 'main':
../Src/main.c:113:30: warning: pointer targets in passing argument 2 of 'HAL_UART_Transmit' differ in signedness [-Wpointer-sign]
    HAL_UART_Transmit(&huart1,TxData,10,0xffff);
                              ^~~~~~
In file included from /home/liguo/project/noneLab/noneLab-version-1.1/stm32/f4/Inc/stm32f4xx_hal_conf.h:368:0,
                 from /home/liguo/project/noneLab/noneLab-version-1.1/stm32/f4/Drivers/STM32F4xx_HAL_Driver/Inc/stm32f4xx_hal.h:46,
                 from ../Src/main.c:41:
/home/liguo/project/noneLab/noneLab-version-1.1/stm32/f4/Drivers/STM32F4xx_HAL_Driver/Inc/stm32f4xx_hal_uart.h:645:19: note: expected 'uint8_t * {aka unsigned char *}' but argument is of type 'char *'
 HAL_StatusTypeDef HAL_UART_Transmit(UART_HandleTypeDef *huart, uint8_t *pData, uint16_t Size, uint32_t Timeout);
                   ^~~~~~~~~~~~~~~~~
Finished building: ../Src/main.c
 
Building target: f4.elf
Invoking: MCU GCC Linker
arm-none-eabi-gcc -mcpu=cortex-m4 -mthumb -mfloat-abi=hard -mfpu=fpv4-sp-d16 -specs=nosys.specs -specs=nano.specs -T"../STM32F427ZITx_FLASH.ld" -Wl,-Map=output.map -Wl,--gc-sections -o "f4.elf" @"objects.list"   -lm
Finished building target: f4.elf
 
make --no-print-directory post-build
Generating binary and Printing size information:
arm-none-eabi-objcopy -O binary "f4.elf" "f4.bin"
arm-none-eabi-size "f4.elf"
   text	   data	    bss	    dec	    hex	filename
   6508	     20	   1636	   8164	   1fe4	f4.elf
 
21:15:26 **** Incremental Build of configuration Debug for project f4 ****
make all 
Building file: ../Src/dataConv.c
Invoking: MCU GCC Compiler
/home/liguo/project/noneLab/noneLab-version-1.1/stm32/f4/Debug
arm-none-eabi-gcc -mcpu=cortex-m4 -mthumb -mfloat-abi=hard -mfpu=fpv4-sp-d16 '-D__weak=__attribute__((weak))' '-D__packed="__attribute__((__packed__))"' -DUSE_HAL_DRIVER -DSTM32F427xx -I"/home/liguo/project/noneLab/noneLab-version-1.1/stm32/f4/Inc" -I"/home/liguo/project/noneLab/noneLab-version-1.1/stm32/f4/Drivers/STM32F4xx_HAL_Driver/Inc" -I"/home/liguo/project/noneLab/noneLab-version-1.1/stm32/f4/Drivers/STM32F4xx_HAL_Driver/Inc/Legacy" -I"/home/liguo/project/noneLab/noneLab-version-1.1/stm32/f4/Drivers/CMSIS/Device/ST/STM32F4xx/Include" -I"/home/liguo/project/noneLab/noneLab-version-1.1/stm32/f4/Drivers/CMSIS/Include"  -Og -g3 -Wall -fmessage-length=0 -ffunction-sections -c -fmessage-length=0 -MMD -MP -MF"Src/dataConv.d" -MT"Src/dataConv.o" -o "Src/dataConv.o" "../Src/dataConv.c"
../Src/dataConv.c: In function 'joinDataBody':
../Src/dataConv.c:17:21: warning: array subscript has type 'char' [-Wchar-subscripts]
         id[0]=dataId[index];
                     ^
../Src/dataConv.c:19:30: warning: array subscript has type 'char' [-Wchar-subscripts]
         sprintf(tmp,"%d",data[index]);
                              ^
../Src/dataConv.c:19:23: warning: format '%d' expects argument of type 'int', but argument 3 has type 'uint32_t {aka long unsigned int}' [-Wformat=]
         sprintf(tmp,"%d",data[index]);
                       ^
Finished building: ../Src/dataConv.c
 
Building file: ../Src/main.c
Invoking: MCU GCC Compiler
/home/liguo/project/noneLab/noneLab-version-1.1/stm32/f4/Debug
arm-none-eabi-gcc -mcpu=cortex-m4 -mthumb -mfloat-abi=hard -mfpu=fpv4-sp-d16 '-D__weak=__attribute__((weak))' '-D__packed="__attribute__((__packed__))"' -DUSE_HAL_DRIVER -DSTM32F427xx -I"/home/liguo/project/noneLab/noneLab-version-1.1/stm32/f4/Inc" -I"/home/liguo/project/noneLab/noneLab-version-1.1/stm32/f4/Drivers/STM32F4xx_HAL_Driver/Inc" -I"/home/liguo/project/noneLab/noneLab-version-1.1/stm32/f4/Drivers/STM32F4xx_HAL_Driver/Inc/Legacy" -I"/home/liguo/project/noneLab/noneLab-version-1.1/stm32/f4/Drivers/CMSIS/Device/ST/STM32F4xx/Include" -I"/home/liguo/project/noneLab/noneLab-version-1.1/stm32/f4/Drivers/CMSIS/Include"  -Og -g3 -Wall -fmessage-length=0 -ffunction-sections -c -fmessage-length=0 -MMD -MP -MF"Src/main.d" -MT"Src/main.o" -o "Src/main.o" "../Src/main.c"
../Src/main.c: In function 'main':
../Src/main.c:108:16: warning: pointer targets in passing argument 1 of 'joinDataBody' differ in signedness [-Wpointer-sign]
   joinDataBody(dataBody,dataId,data);
                ^~~~~~~~
In file included from ../Src/main.c:42:0:
/home/liguo/project/noneLab/noneLab-version-1.1/stm32/f4/Inc/dataConv.h:14:6: note: expected 'char *' but argument is of type 'uint8_t * {aka unsigned char *}'
 void joinDataBody(char *dataBody,char *dataId,uint32_t *data);
      ^~~~~~~~~~~~
../Src/main.c:109:28: warning: pointer targets in passing argument 2 of 'creatDataFrame' differ in signedness [-Wpointer-sign]
   creatDataFrame(dataFrame,dataBody);
                            ^~~~~~~~
In file included from ../Src/main.c:42:0:
/home/liguo/project/noneLab/noneLab-version-1.1/stm32/f4/Inc/dataConv.h:15:6: note: expected 'char *' but argument is of type 'uint8_t * {aka unsigned char *}'
 void creatDataFrame(char *dataFrame,char *dataBody);
      ^~~~~~~~~~~~~~
../Src/main.c:122:30: warning: pointer targets in passing argument 2 of 'HAL_UART_Transmit' differ in signedness [-Wpointer-sign]
    HAL_UART_Transmit(&huart1,dataFrame,10,0xffff);
                              ^~~~~~~~~
In file included from /home/liguo/project/noneLab/noneLab-version-1.1/stm32/f4/Inc/stm32f4xx_hal_conf.h:368:0,
                 from /home/liguo/project/noneLab/noneLab-version-1.1/stm32/f4/Drivers/STM32F4xx_HAL_Driver/Inc/stm32f4xx_hal.h:46,
                 from ../Src/main.c:41:
/home/liguo/project/noneLab/noneLab-version-1.1/stm32/f4/Drivers/STM32F4xx_HAL_Driver/Inc/stm32f4xx_hal_uart.h:645:19: note: expected 'uint8_t * {aka unsigned char *}' but argument is of type 'char *'
 HAL_StatusTypeDef HAL_UART_Transmit(UART_HandleTypeDef *huart, uint8_t *pData, uint16_t Size, uint32_t Timeout);
                   ^~~~~~~~~~~~~~~~~
../Src/main.c:120:9: warning: unused variable 'TxData' [-Wunused-variable]
    char TxData[]="liguo";
         ^~~~~~
Finished building: ../Src/main.c
 
Building file: ../Src/stm32f4xx_hal_msp.c
Invoking: MCU GCC Compiler
/home/liguo/project/noneLab/noneLab-version-1.1/stm32/f4/Debug
arm-none-eabi-gcc -mcpu=cortex-m4 -mthumb -mfloat-abi=hard -mfpu=fpv4-sp-d16 '-D__weak=__attribute__((weak))' '-D__packed="__attribute__((__packed__))"' -DUSE_HAL_DRIVER -DSTM32F427xx -I"/home/liguo/project/noneLab/noneLab-version-1.1/stm32/f4/Inc" -I"/home/liguo/project/noneLab/noneLab-version-1.1/stm32/f4/Drivers/STM32F4xx_HAL_Driver/Inc" -I"/home/liguo/project/noneLab/noneLab-version-1.1/stm32/f4/Drivers/STM32F4xx_HAL_Driver/Inc/Legacy" -I"/home/liguo/project/noneLab/noneLab-version-1.1/stm32/f4/Drivers/CMSIS/Device/ST/STM32F4xx/Include" -I"/home/liguo/project/noneLab/noneLab-version-1.1/stm32/f4/Drivers/CMSIS/Include"  -Og -g3 -Wall -fmessage-length=0 -ffunction-sections -c -fmessage-length=0 -MMD -MP -MF"Src/stm32f4xx_hal_msp.d" -MT"Src/stm32f4xx_hal_msp.o" -o "Src/stm32f4xx_hal_msp.o" "../Src/stm32f4xx_hal_msp.c"
Finished building: ../Src/stm32f4xx_hal_msp.c
 
Building file: ../Src/stm32f4xx_it.c
Invoking: MCU GCC Compiler
/home/liguo/project/noneLab/noneLab-version-1.1/stm32/f4/Debug
arm-none-eabi-gcc -mcpu=cortex-m4 -mthumb -mfloat-abi=hard -mfpu=fpv4-sp-d16 '-D__weak=__attribute__((weak))' '-D__packed="__attribute__((__packed__))"' -DUSE_HAL_DRIVER -DSTM32F427xx -I"/home/liguo/project/noneLab/noneLab-version-1.1/stm32/f4/Inc" -I"/home/liguo/project/noneLab/noneLab-version-1.1/stm32/f4/Drivers/STM32F4xx_HAL_Driver/Inc" -I"/home/liguo/project/noneLab/noneLab-version-1.1/stm32/f4/Drivers/STM32F4xx_HAL_Driver/Inc/Legacy" -I"/home/liguo/project/noneLab/noneLab-version-1.1/stm32/f4/Drivers/CMSIS/Device/ST/STM32F4xx/Include" -I"/home/liguo/project/noneLab/noneLab-version-1.1/stm32/f4/Drivers/CMSIS/Include"  -Og -g3 -Wall -fmessage-length=0 -ffunction-sections -c -fmessage-length=0 -MMD -MP -MF"Src/stm32f4xx_it.d" -MT"Src/stm32f4xx_it.o" -o "Src/stm32f4xx_it.o" "../Src/stm32f4xx_it.c"
Finished building: ../Src/stm32f4xx_it.c
 
Building file: ../Src/system_stm32f4xx.c
Invoking: MCU GCC Compiler
/home/liguo/project/noneLab/noneLab-version-1.1/stm32/f4/Debug
arm-none-eabi-gcc -mcpu=cortex-m4 -mthumb -mfloat-abi=hard -mfpu=fpv4-sp-d16 '-D__weak=__attribute__((weak))' '-D__packed="__attribute__((__packed__))"' -DUSE_HAL_DRIVER -DSTM32F427xx -I"/home/liguo/project/noneLab/noneLab-version-1.1/stm32/f4/Inc" -I"/home/liguo/project/noneLab/noneLab-version-1.1/stm32/f4/Drivers/STM32F4xx_HAL_Driver/Inc" -I"/home/liguo/project/noneLab/noneLab-version-1.1/stm32/f4/Drivers/STM32F4xx_HAL_Driver/Inc/Legacy" -I"/home/liguo/project/noneLab/noneLab-version-1.1/stm32/f4/Drivers/CMSIS/Device/ST/STM32F4xx/Include" -I"/home/liguo/project/noneLab/noneLab-version-1.1/stm32/f4/Drivers/CMSIS/Include"  -Og -g3 -Wall -fmessage-length=0 -ffunction-sections -c -fmessage-length=0 -MMD -MP -MF"Src/system_stm32f4xx.d" -MT"Src/system_stm32f4xx.o" -o "Src/system_stm32f4xx.o" "../Src/system_stm32f4xx.c"
Finished building: ../Src/system_stm32f4xx.c
 
Building file: ../Drivers/STM32F4xx_HAL_Driver/Src/stm32f4xx_hal.c
Invoking: MCU GCC Compiler
/home/liguo/project/noneLab/noneLab-version-1.1/stm32/f4/Debug
arm-none-eabi-gcc -mcpu=cortex-m4 -mthumb -mfloat-abi=hard -mfpu=fpv4-sp-d16 '-D__weak=__attribute__((weak))' '-D__packed="__attribute__((__packed__))"' -DUSE_HAL_DRIVER -DSTM32F427xx -I"/home/liguo/project/noneLab/noneLab-version-1.1/stm32/f4/Inc" -I"/home/liguo/project/noneLab/noneLab-version-1.1/stm32/f4/Drivers/STM32F4xx_HAL_Driver/Inc" -I"/home/liguo/project/noneLab/noneLab-version-1.1/stm32/f4/Drivers/STM32F4xx_HAL_Driver/Inc/Legacy" -I"/home/liguo/project/noneLab/noneLab-version-1.1/stm32/f4/Drivers/CMSIS/Device/ST/STM32F4xx/Include" -I"/home/liguo/project/noneLab/noneLab-version-1.1/stm32/f4/Drivers/CMSIS/Include"  -Og -g3 -Wall -fmessage-length=0 -ffunction-sections -c -fmessage-length=0 -MMD -MP -MF"Drivers/STM32F4xx_HAL_Driver/Src/stm32f4xx_hal.d" -MT"Drivers/STM32F4xx_HAL_Driver/Src/stm32f4xx_hal.o" -o "Drivers/STM32F4xx_HAL_Driver/Src/stm32f4xx_hal.o" "../Drivers/STM32F4xx_HAL_Driver/Src/stm32f4xx_hal.c"
Finished building: ../Drivers/STM32F4xx_HAL_Driver/Src/stm32f4xx_hal.c
 
Building file: ../Drivers/STM32F4xx_HAL_Driver/Src/stm32f4xx_hal_cortex.c
Invoking: MCU GCC Compiler
/home/liguo/project/noneLab/noneLab-version-1.1/stm32/f4/Debug
arm-none-eabi-gcc -mcpu=cortex-m4 -mthumb -mfloat-abi=hard -mfpu=fpv4-sp-d16 '-D__weak=__attribute__((weak))' '-D__packed="__attribute__((__packed__))"' -DUSE_HAL_DRIVER -DSTM32F427xx -I"/home/liguo/project/noneLab/noneLab-version-1.1/stm32/f4/Inc" -I"/home/liguo/project/noneLab/noneLab-version-1.1/stm32/f4/Drivers/STM32F4xx_HAL_Driver/Inc" -I"/home/liguo/project/noneLab/noneLab-version-1.1/stm32/f4/Drivers/STM32F4xx_HAL_Driver/Inc/Legacy" -I"/home/liguo/project/noneLab/noneLab-version-1.1/stm32/f4/Drivers/CMSIS/Device/ST/STM32F4xx/Include" -I"/home/liguo/project/noneLab/noneLab-version-1.1/stm32/f4/Drivers/CMSIS/Include"  -Og -g3 -Wall -fmessage-length=0 -ffunction-sections -c -fmessage-length=0 -MMD -MP -MF"Drivers/STM32F4xx_HAL_Driver/Src/stm32f4xx_hal_cortex.d" -MT"Drivers/STM32F4xx_HAL_Driver/Src/stm32f4xx_hal_cortex.o" -o "Drivers/STM32F4xx_HAL_Driver/Src/stm32f4xx_hal_cortex.o" "../Drivers/STM32F4xx_HAL_Driver/Src/stm32f4xx_hal_cortex.c"
Finished building: ../Drivers/STM32F4xx_HAL_Driver/Src/stm32f4xx_hal_cortex.c
 
Building file: ../Drivers/STM32F4xx_HAL_Driver/Src/stm32f4xx_hal_dma.c
Invoking: MCU GCC Compiler
/home/liguo/project/noneLab/noneLab-version-1.1/stm32/f4/Debug
arm-none-eabi-gcc -mcpu=cortex-m4 -mthumb -mfloat-abi=hard -mfpu=fpv4-sp-d16 '-D__weak=__attribute__((weak))' '-D__packed="__attribute__((__packed__))"' -DUSE_HAL_DRIVER -DSTM32F427xx -I"/home/liguo/project/noneLab/noneLab-version-1.1/stm32/f4/Inc" -I"/home/liguo/project/noneLab/noneLab-version-1.1/stm32/f4/Drivers/STM32F4xx_HAL_Driver/Inc" -I"/home/liguo/project/noneLab/noneLab-version-1.1/stm32/f4/Drivers/STM32F4xx_HAL_Driver/Inc/Legacy" -I"/home/liguo/project/noneLab/noneLab-version-1.1/stm32/f4/Drivers/CMSIS/Device/ST/STM32F4xx/Include" -I"/home/liguo/project/noneLab/noneLab-version-1.1/stm32/f4/Drivers/CMSIS/Include"  -Og -g3 -Wall -fmessage-length=0 -ffunction-sections -c -fmessage-length=0 -MMD -MP -MF"Drivers/STM32F4xx_HAL_Driver/Src/stm32f4xx_hal_dma.d" -MT"Drivers/STM32F4xx_HAL_Driver/Src/stm32f4xx_hal_dma.o" -o "Drivers/STM32F4xx_HAL_Driver/Src/stm32f4xx_hal_dma.o" "../Drivers/STM32F4xx_HAL_Driver/Src/stm32f4xx_hal_dma.c"
Finished building: ../Drivers/STM32F4xx_HAL_Driver/Src/stm32f4xx_hal_dma.c
 
Building file: ../Drivers/STM32F4xx_HAL_Driver/Src/stm32f4xx_hal_dma_ex.c
Invoking: MCU GCC Compiler
/home/liguo/project/noneLab/noneLab-version-1.1/stm32/f4/Debug
arm-none-eabi-gcc -mcpu=cortex-m4 -mthumb -mfloat-abi=hard -mfpu=fpv4-sp-d16 '-D__weak=__attribute__((weak))' '-D__packed="__attribute__((__packed__))"' -DUSE_HAL_DRIVER -DSTM32F427xx -I"/home/liguo/project/noneLab/noneLab-version-1.1/stm32/f4/Inc" -I"/home/liguo/project/noneLab/noneLab-version-1.1/stm32/f4/Drivers/STM32F4xx_HAL_Driver/Inc" -I"/home/liguo/project/noneLab/noneLab-version-1.1/stm32/f4/Drivers/STM32F4xx_HAL_Driver/Inc/Legacy" -I"/home/liguo/project/noneLab/noneLab-version-1.1/stm32/f4/Drivers/CMSIS/Device/ST/STM32F4xx/Include" -I"/home/liguo/project/noneLab/noneLab-version-1.1/stm32/f4/Drivers/CMSIS/Include"  -Og -g3 -Wall -fmessage-length=0 -ffunction-sections -c -fmessage-length=0 -MMD -MP -MF"Drivers/STM32F4xx_HAL_Driver/Src/stm32f4xx_hal_dma_ex.d" -MT"Drivers/STM32F4xx_HAL_Driver/Src/stm32f4xx_hal_dma_ex.o" -o "Drivers/STM32F4xx_HAL_Driver/Src/stm32f4xx_hal_dma_ex.o" "../Drivers/STM32F4xx_HAL_Driver/Src/stm32f4xx_hal_dma_ex.c"
Finished building: ../Drivers/STM32F4xx_HAL_Driver/Src/stm32f4xx_hal_dma_ex.c
 
Building file: ../Drivers/STM32F4xx_HAL_Driver/Src/stm32f4xx_hal_flash.c
Invoking: MCU GCC Compiler
/home/liguo/project/noneLab/noneLab-version-1.1/stm32/f4/Debug
arm-none-eabi-gcc -mcpu=cortex-m4 -mthumb -mfloat-abi=hard -mfpu=fpv4-sp-d16 '-D__weak=__attribute__((weak))' '-D__packed="__attribute__((__packed__))"' -DUSE_HAL_DRIVER -DSTM32F427xx -I"/home/liguo/project/noneLab/noneLab-version-1.1/stm32/f4/Inc" -I"/home/liguo/project/noneLab/noneLab-version-1.1/stm32/f4/Drivers/STM32F4xx_HAL_Driver/Inc" -I"/home/liguo/project/noneLab/noneLab-version-1.1/stm32/f4/Drivers/STM32F4xx_HAL_Driver/Inc/Legacy" -I"/home/liguo/project/noneLab/noneLab-version-1.1/stm32/f4/Drivers/CMSIS/Device/ST/STM32F4xx/Include" -I"/home/liguo/project/noneLab/noneLab-version-1.1/stm32/f4/Drivers/CMSIS/Include"  -Og -g3 -Wall -fmessage-length=0 -ffunction-sections -c -fmessage-length=0 -MMD -MP -MF"Drivers/STM32F4xx_HAL_Driver/Src/stm32f4xx_hal_flash.d" -MT"Drivers/STM32F4xx_HAL_Driver/Src/stm32f4xx_hal_flash.o" -o "Drivers/STM32F4xx_HAL_Driver/Src/stm32f4xx_hal_flash.o" "../Drivers/STM32F4xx_HAL_Driver/Src/stm32f4xx_hal_flash.c"
Finished building: ../Drivers/STM32F4xx_HAL_Driver/Src/stm32f4xx_hal_flash.c
 
Building file: ../Drivers/STM32F4xx_HAL_Driver/Src/stm32f4xx_hal_flash_ex.c
Invoking: MCU GCC Compiler
/home/liguo/project/noneLab/noneLab-version-1.1/stm32/f4/Debug
arm-none-eabi-gcc -mcpu=cortex-m4 -mthumb -mfloat-abi=hard -mfpu=fpv4-sp-d16 '-D__weak=__attribute__((weak))' '-D__packed="__attribute__((__packed__))"' -DUSE_HAL_DRIVER -DSTM32F427xx -I"/home/liguo/project/noneLab/noneLab-version-1.1/stm32/f4/Inc" -I"/home/liguo/project/noneLab/noneLab-version-1.1/stm32/f4/Drivers/STM32F4xx_HAL_Driver/Inc" -I"/home/liguo/project/noneLab/noneLab-version-1.1/stm32/f4/Drivers/STM32F4xx_HAL_Driver/Inc/Legacy" -I"/home/liguo/project/noneLab/noneLab-version-1.1/stm32/f4/Drivers/CMSIS/Device/ST/STM32F4xx/Include" -I"/home/liguo/project/noneLab/noneLab-version-1.1/stm32/f4/Drivers/CMSIS/Include"  -Og -g3 -Wall -fmessage-length=0 -ffunction-sections -c -fmessage-length=0 -MMD -MP -MF"Drivers/STM32F4xx_HAL_Driver/Src/stm32f4xx_hal_flash_ex.d" -MT"Drivers/STM32F4xx_HAL_Driver/Src/stm32f4xx_hal_flash_ex.o" -o "Drivers/STM32F4xx_HAL_Driver/Src/stm32f4xx_hal_flash_ex.o" "../Drivers/STM32F4xx_HAL_Driver/Src/stm32f4xx_hal_flash_ex.c"
Finished building: ../Drivers/STM32F4xx_HAL_Driver/Src/stm32f4xx_hal_flash_ex.c
 
Building file: ../Drivers/STM32F4xx_HAL_Driver/Src/stm32f4xx_hal_flash_ramfunc.c
Invoking: MCU GCC Compiler
/home/liguo/project/noneLab/noneLab-version-1.1/stm32/f4/Debug
arm-none-eabi-gcc -mcpu=cortex-m4 -mthumb -mfloat-abi=hard -mfpu=fpv4-sp-d16 '-D__weak=__attribute__((weak))' '-D__packed="__attribute__((__packed__))"' -DUSE_HAL_DRIVER -DSTM32F427xx -I"/home/liguo/project/noneLab/noneLab-version-1.1/stm32/f4/Inc" -I"/home/liguo/project/noneLab/noneLab-version-1.1/stm32/f4/Drivers/STM32F4xx_HAL_Driver/Inc" -I"/home/liguo/project/noneLab/noneLab-version-1.1/stm32/f4/Drivers/STM32F4xx_HAL_Driver/Inc/Legacy" -I"/home/liguo/project/noneLab/noneLab-version-1.1/stm32/f4/Drivers/CMSIS/Device/ST/STM32F4xx/Include" -I"/home/liguo/project/noneLab/noneLab-version-1.1/stm32/f4/Drivers/CMSIS/Include"  -Og -g3 -Wall -fmessage-length=0 -ffunction-sections -c -fmessage-length=0 -MMD -MP -MF"Drivers/STM32F4xx_HAL_Driver/Src/stm32f4xx_hal_flash_ramfunc.d" -MT"Drivers/STM32F4xx_HAL_Driver/Src/stm32f4xx_hal_flash_ramfunc.o" -o "Drivers/STM32F4xx_HAL_Driver/Src/stm32f4xx_hal_flash_ramfunc.o" "../Drivers/STM32F4xx_HAL_Driver/Src/stm32f4xx_hal_flash_ramfunc.c"
Finished building: ../Drivers/STM32F4xx_HAL_Driver/Src/stm32f4xx_hal_flash_ramfunc.c
 
Building file: ../Drivers/STM32F4xx_HAL_Driver/Src/stm32f4xx_hal_gpio.c
Invoking: MCU GCC Compiler
/home/liguo/project/noneLab/noneLab-version-1.1/stm32/f4/Debug
arm-none-eabi-gcc -mcpu=cortex-m4 -mthumb -mfloat-abi=hard -mfpu=fpv4-sp-d16 '-D__weak=__attribute__((weak))' '-D__packed="__attribute__((__packed__))"' -DUSE_HAL_DRIVER -DSTM32F427xx -I"/home/liguo/project/noneLab/noneLab-version-1.1/stm32/f4/Inc" -I"/home/liguo/project/noneLab/noneLab-version-1.1/stm32/f4/Drivers/STM32F4xx_HAL_Driver/Inc" -I"/home/liguo/project/noneLab/noneLab-version-1.1/stm32/f4/Drivers/STM32F4xx_HAL_Driver/Inc/Legacy" -I"/home/liguo/project/noneLab/noneLab-version-1.1/stm32/f4/Drivers/CMSIS/Device/ST/STM32F4xx/Include" -I"/home/liguo/project/noneLab/noneLab-version-1.1/stm32/f4/Drivers/CMSIS/Include"  -Og -g3 -Wall -fmessage-length=0 -ffunction-sections -c -fmessage-length=0 -MMD -MP -MF"Drivers/STM32F4xx_HAL_Driver/Src/stm32f4xx_hal_gpio.d" -MT"Drivers/STM32F4xx_HAL_Driver/Src/stm32f4xx_hal_gpio.o" -o "Drivers/STM32F4xx_HAL_Driver/Src/stm32f4xx_hal_gpio.o" "../Drivers/STM32F4xx_HAL_Driver/Src/stm32f4xx_hal_gpio.c"
Finished building: ../Drivers/STM32F4xx_HAL_Driver/Src/stm32f4xx_hal_gpio.c
 
Building file: ../Drivers/STM32F4xx_HAL_Driver/Src/stm32f4xx_hal_pwr.c
Invoking: MCU GCC Compiler
/home/liguo/project/noneLab/noneLab-version-1.1/stm32/f4/Debug
arm-none-eabi-gcc -mcpu=cortex-m4 -mthumb -mfloat-abi=hard -mfpu=fpv4-sp-d16 '-D__weak=__attribute__((weak))' '-D__packed="__attribute__((__packed__))"' -DUSE_HAL_DRIVER -DSTM32F427xx -I"/home/liguo/project/noneLab/noneLab-version-1.1/stm32/f4/Inc" -I"/home/liguo/project/noneLab/noneLab-version-1.1/stm32/f4/Drivers/STM32F4xx_HAL_Driver/Inc" -I"/home/liguo/project/noneLab/noneLab-version-1.1/stm32/f4/Drivers/STM32F4xx_HAL_Driver/Inc/Legacy" -I"/home/liguo/project/noneLab/noneLab-version-1.1/stm32/f4/Drivers/CMSIS/Device/ST/STM32F4xx/Include" -I"/home/liguo/project/noneLab/noneLab-version-1.1/stm32/f4/Drivers/CMSIS/Include"  -Og -g3 -Wall -fmessage-length=0 -ffunction-sections -c -fmessage-length=0 -MMD -MP -MF"Drivers/STM32F4xx_HAL_Driver/Src/stm32f4xx_hal_pwr.d" -MT"Drivers/STM32F4xx_HAL_Driver/Src/stm32f4xx_hal_pwr.o" -o "Drivers/STM32F4xx_HAL_Driver/Src/stm32f4xx_hal_pwr.o" "../Drivers/STM32F4xx_HAL_Driver/Src/stm32f4xx_hal_pwr.c"
Finished building: ../Drivers/STM32F4xx_HAL_Driver/Src/stm32f4xx_hal_pwr.c
 
Building file: ../Drivers/STM32F4xx_HAL_Driver/Src/stm32f4xx_hal_pwr_ex.c
Invoking: MCU GCC Compiler
/home/liguo/project/noneLab/noneLab-version-1.1/stm32/f4/Debug
arm-none-eabi-gcc -mcpu=cortex-m4 -mthumb -mfloat-abi=hard -mfpu=fpv4-sp-d16 '-D__weak=__attribute__((weak))' '-D__packed="__attribute__((__packed__))"' -DUSE_HAL_DRIVER -DSTM32F427xx -I"/home/liguo/project/noneLab/noneLab-version-1.1/stm32/f4/Inc" -I"/home/liguo/project/noneLab/noneLab-version-1.1/stm32/f4/Drivers/STM32F4xx_HAL_Driver/Inc" -I"/home/liguo/project/noneLab/noneLab-version-1.1/stm32/f4/Drivers/STM32F4xx_HAL_Driver/Inc/Legacy" -I"/home/liguo/project/noneLab/noneLab-version-1.1/stm32/f4/Drivers/CMSIS/Device/ST/STM32F4xx/Include" -I"/home/liguo/project/noneLab/noneLab-version-1.1/stm32/f4/Drivers/CMSIS/Include"  -Og -g3 -Wall -fmessage-length=0 -ffunction-sections -c -fmessage-length=0 -MMD -MP -MF"Drivers/STM32F4xx_HAL_Driver/Src/stm32f4xx_hal_pwr_ex.d" -MT"Drivers/STM32F4xx_HAL_Driver/Src/stm32f4xx_hal_pwr_ex.o" -o "Drivers/STM32F4xx_HAL_Driver/Src/stm32f4xx_hal_pwr_ex.o" "../Drivers/STM32F4xx_HAL_Driver/Src/stm32f4xx_hal_pwr_ex.c"
Finished building: ../Drivers/STM32F4xx_HAL_Driver/Src/stm32f4xx_hal_pwr_ex.c
 
Building file: ../Drivers/STM32F4xx_HAL_Driver/Src/stm32f4xx_hal_rcc.c
Invoking: MCU GCC Compiler
/home/liguo/project/noneLab/noneLab-version-1.1/stm32/f4/Debug
arm-none-eabi-gcc -mcpu=cortex-m4 -mthumb -mfloat-abi=hard -mfpu=fpv4-sp-d16 '-D__weak=__attribute__((weak))' '-D__packed="__attribute__((__packed__))"' -DUSE_HAL_DRIVER -DSTM32F427xx -I"/home/liguo/project/noneLab/noneLab-version-1.1/stm32/f4/Inc" -I"/home/liguo/project/noneLab/noneLab-version-1.1/stm32/f4/Drivers/STM32F4xx_HAL_Driver/Inc" -I"/home/liguo/project/noneLab/noneLab-version-1.1/stm32/f4/Drivers/STM32F4xx_HAL_Driver/Inc/Legacy" -I"/home/liguo/project/noneLab/noneLab-version-1.1/stm32/f4/Drivers/CMSIS/Device/ST/STM32F4xx/Include" -I"/home/liguo/project/noneLab/noneLab-version-1.1/stm32/f4/Drivers/CMSIS/Include"  -Og -g3 -Wall -fmessage-length=0 -ffunction-sections -c -fmessage-length=0 -MMD -MP -MF"Drivers/STM32F4xx_HAL_Driver/Src/stm32f4xx_hal_rcc.d" -MT"Drivers/STM32F4xx_HAL_Driver/Src/stm32f4xx_hal_rcc.o" -o "Drivers/STM32F4xx_HAL_Driver/Src/stm32f4xx_hal_rcc.o" "../Drivers/STM32F4xx_HAL_Driver/Src/stm32f4xx_hal_rcc.c"
Finished building: ../Drivers/STM32F4xx_HAL_Driver/Src/stm32f4xx_hal_rcc.c
 
Building file: ../Drivers/STM32F4xx_HAL_Driver/Src/stm32f4xx_hal_rcc_ex.c
Invoking: MCU GCC Compiler
/home/liguo/project/noneLab/noneLab-version-1.1/stm32/f4/Debug
arm-none-eabi-gcc -mcpu=cortex-m4 -mthumb -mfloat-abi=hard -mfpu=fpv4-sp-d16 '-D__weak=__attribute__((weak))' '-D__packed="__attribute__((__packed__))"' -DUSE_HAL_DRIVER -DSTM32F427xx -I"/home/liguo/project/noneLab/noneLab-version-1.1/stm32/f4/Inc" -I"/home/liguo/project/noneLab/noneLab-version-1.1/stm32/f4/Drivers/STM32F4xx_HAL_Driver/Inc" -I"/home/liguo/project/noneLab/noneLab-version-1.1/stm32/f4/Drivers/STM32F4xx_HAL_Driver/Inc/Legacy" -I"/home/liguo/project/noneLab/noneLab-version-1.1/stm32/f4/Drivers/CMSIS/Device/ST/STM32F4xx/Include" -I"/home/liguo/project/noneLab/noneLab-version-1.1/stm32/f4/Drivers/CMSIS/Include"  -Og -g3 -Wall -fmessage-length=0 -ffunction-sections -c -fmessage-length=0 -MMD -MP -MF"Drivers/STM32F4xx_HAL_Driver/Src/stm32f4xx_hal_rcc_ex.d" -MT"Drivers/STM32F4xx_HAL_Driver/Src/stm32f4xx_hal_rcc_ex.o" -o "Drivers/STM32F4xx_HAL_Driver/Src/stm32f4xx_hal_rcc_ex.o" "../Drivers/STM32F4xx_HAL_Driver/Src/stm32f4xx_hal_rcc_ex.c"
Finished building: ../Drivers/STM32F4xx_HAL_Driver/Src/stm32f4xx_hal_rcc_ex.c
 
Building file: ../Drivers/STM32F4xx_HAL_Driver/Src/stm32f4xx_hal_tim.c
Invoking: MCU GCC Compiler
/home/liguo/project/noneLab/noneLab-version-1.1/stm32/f4/Debug
arm-none-eabi-gcc -mcpu=cortex-m4 -mthumb -mfloat-abi=hard -mfpu=fpv4-sp-d16 '-D__weak=__attribute__((weak))' '-D__packed="__attribute__((__packed__))"' -DUSE_HAL_DRIVER -DSTM32F427xx -I"/home/liguo/project/noneLab/noneLab-version-1.1/stm32/f4/Inc" -I"/home/liguo/project/noneLab/noneLab-version-1.1/stm32/f4/Drivers/STM32F4xx_HAL_Driver/Inc" -I"/home/liguo/project/noneLab/noneLab-version-1.1/stm32/f4/Drivers/STM32F4xx_HAL_Driver/Inc/Legacy" -I"/home/liguo/project/noneLab/noneLab-version-1.1/stm32/f4/Drivers/CMSIS/Device/ST/STM32F4xx/Include" -I"/home/liguo/project/noneLab/noneLab-version-1.1/stm32/f4/Drivers/CMSIS/Include"  -Og -g3 -Wall -fmessage-length=0 -ffunction-sections -c -fmessage-length=0 -MMD -MP -MF"Drivers/STM32F4xx_HAL_Driver/Src/stm32f4xx_hal_tim.d" -MT"Drivers/STM32F4xx_HAL_Driver/Src/stm32f4xx_hal_tim.o" -o "Drivers/STM32F4xx_HAL_Driver/Src/stm32f4xx_hal_tim.o" "../Drivers/STM32F4xx_HAL_Driver/Src/stm32f4xx_hal_tim.c"
Finished building: ../Drivers/STM32F4xx_HAL_Driver/Src/stm32f4xx_hal_tim.c
 
Building file: ../Drivers/STM32F4xx_HAL_Driver/Src/stm32f4xx_hal_tim_ex.c
Invoking: MCU GCC Compiler
/home/liguo/project/noneLab/noneLab-version-1.1/stm32/f4/Debug
arm-none-eabi-gcc -mcpu=cortex-m4 -mthumb -mfloat-abi=hard -mfpu=fpv4-sp-d16 '-D__weak=__attribute__((weak))' '-D__packed="__attribute__((__packed__))"' -DUSE_HAL_DRIVER -DSTM32F427xx -I"/home/liguo/project/noneLab/noneLab-version-1.1/stm32/f4/Inc" -I"/home/liguo/project/noneLab/noneLab-version-1.1/stm32/f4/Drivers/STM32F4xx_HAL_Driver/Inc" -I"/home/liguo/project/noneLab/noneLab-version-1.1/stm32/f4/Drivers/STM32F4xx_HAL_Driver/Inc/Legacy" -I"/home/liguo/project/noneLab/noneLab-version-1.1/stm32/f4/Drivers/CMSIS/Device/ST/STM32F4xx/Include" -I"/home/liguo/project/noneLab/noneLab-version-1.1/stm32/f4/Drivers/CMSIS/Include"  -Og -g3 -Wall -fmessage-length=0 -ffunction-sections -c -fmessage-length=0 -MMD -MP -MF"Drivers/STM32F4xx_HAL_Driver/Src/stm32f4xx_hal_tim_ex.d" -MT"Drivers/STM32F4xx_HAL_Driver/Src/stm32f4xx_hal_tim_ex.o" -o "Drivers/STM32F4xx_HAL_Driver/Src/stm32f4xx_hal_tim_ex.o" "../Drivers/STM32F4xx_HAL_Driver/Src/stm32f4xx_hal_tim_ex.c"
Finished building: ../Drivers/STM32F4xx_HAL_Driver/Src/stm32f4xx_hal_tim_ex.c
 
Building file: ../Drivers/STM32F4xx_HAL_Driver/Src/stm32f4xx_hal_uart.c
Invoking: MCU GCC Compiler
/home/liguo/project/noneLab/noneLab-version-1.1/stm32/f4/Debug
arm-none-eabi-gcc -mcpu=cortex-m4 -mthumb -mfloat-abi=hard -mfpu=fpv4-sp-d16 '-D__weak=__attribute__((weak))' '-D__packed="__attribute__((__packed__))"' -DUSE_HAL_DRIVER -DSTM32F427xx -I"/home/liguo/project/noneLab/noneLab-version-1.1/stm32/f4/Inc" -I"/home/liguo/project/noneLab/noneLab-version-1.1/stm32/f4/Drivers/STM32F4xx_HAL_Driver/Inc" -I"/home/liguo/project/noneLab/noneLab-version-1.1/stm32/f4/Drivers/STM32F4xx_HAL_Driver/Inc/Legacy" -I"/home/liguo/project/noneLab/noneLab-version-1.1/stm32/f4/Drivers/CMSIS/Device/ST/STM32F4xx/Include" -I"/home/liguo/project/noneLab/noneLab-version-1.1/stm32/f4/Drivers/CMSIS/Include"  -Og -g3 -Wall -fmessage-length=0 -ffunction-sections -c -fmessage-length=0 -MMD -MP -MF"Drivers/STM32F4xx_HAL_Driver/Src/stm32f4xx_hal_uart.d" -MT"Drivers/STM32F4xx_HAL_Driver/Src/stm32f4xx_hal_uart.o" -o "Drivers/STM32F4xx_HAL_Driver/Src/stm32f4xx_hal_uart.o" "../Drivers/STM32F4xx_HAL_Driver/Src/stm32f4xx_hal_uart.c"
Finished building: ../Drivers/STM32F4xx_HAL_Driver/Src/stm32f4xx_hal_uart.c
 
Building target: f4.elf
Invoking: MCU GCC Linker
arm-none-eabi-gcc -mcpu=cortex-m4 -mthumb -mfloat-abi=hard -mfpu=fpv4-sp-d16 -specs=nosys.specs -specs=nano.specs -T"../STM32F427ZITx_FLASH.ld" -Wl,-Map=output.map -Wl,--gc-sections -o "f4.elf" @"objects.list"   -lm
Finished building target: f4.elf
 
make --no-print-directory post-build
Generating binary and Printing size information:
arm-none-eabi-objcopy -O binary "f4.elf" "f4.bin"
arm-none-eabi-size "f4.elf"
   text	   data	    bss	    dec	    hex	filename
   9172	    120	   1648	  10940	   2abc	f4.elf
 
21:16:32 **** Incremental Build of configuration Debug for project f4 ****
make all 
Building file: ../Src/dataConv.c
Invoking: MCU GCC Compiler
/home/liguo/project/noneLab/noneLab-version-1.1/stm32/f4/Debug
arm-none-eabi-gcc -mcpu=cortex-m4 -mthumb -mfloat-abi=hard -mfpu=fpv4-sp-d16 '-D__weak=__attribute__((weak))' '-D__packed="__attribute__((__packed__))"' -DUSE_HAL_DRIVER -DSTM32F427xx -I"/home/liguo/project/noneLab/noneLab-version-1.1/stm32/f4/Inc" -I"/home/liguo/project/noneLab/noneLab-version-1.1/stm32/f4/Drivers/STM32F4xx_HAL_Driver/Inc" -I"/home/liguo/project/noneLab/noneLab-version-1.1/stm32/f4/Drivers/STM32F4xx_HAL_Driver/Inc/Legacy" -I"/home/liguo/project/noneLab/noneLab-version-1.1/stm32/f4/Drivers/CMSIS/Device/ST/STM32F4xx/Include" -I"/home/liguo/project/noneLab/noneLab-version-1.1/stm32/f4/Drivers/CMSIS/Include"  -Og -g3 -Wall -fmessage-length=0 -ffunction-sections -c -fmessage-length=0 -MMD -MP -MF"Src/dataConv.d" -MT"Src/dataConv.o" -o "Src/dataConv.o" "../Src/dataConv.c"
../Src/dataConv.c: In function 'joinDataBody':
../Src/dataConv.c:17:21: warning: array subscript has type 'char' [-Wchar-subscripts]
         id[0]=dataId[index];
                     ^
../Src/dataConv.c:19:30: warning: array subscript has type 'char' [-Wchar-subscripts]
         sprintf(tmp,"%d",data[index]);
                              ^
../Src/dataConv.c:19:23: warning: format '%d' expects argument of type 'int', but argument 3 has type 'uint32_t {aka long unsigned int}' [-Wformat=]
         sprintf(tmp,"%d",data[index]);
                       ^
Finished building: ../Src/dataConv.c
 
Building file: ../Src/main.c
Invoking: MCU GCC Compiler
/home/liguo/project/noneLab/noneLab-version-1.1/stm32/f4/Debug
arm-none-eabi-gcc -mcpu=cortex-m4 -mthumb -mfloat-abi=hard -mfpu=fpv4-sp-d16 '-D__weak=__attribute__((weak))' '-D__packed="__attribute__((__packed__))"' -DUSE_HAL_DRIVER -DSTM32F427xx -I"/home/liguo/project/noneLab/noneLab-version-1.1/stm32/f4/Inc" -I"/home/liguo/project/noneLab/noneLab-version-1.1/stm32/f4/Drivers/STM32F4xx_HAL_Driver/Inc" -I"/home/liguo/project/noneLab/noneLab-version-1.1/stm32/f4/Drivers/STM32F4xx_HAL_Driver/Inc/Legacy" -I"/home/liguo/project/noneLab/noneLab-version-1.1/stm32/f4/Drivers/CMSIS/Device/ST/STM32F4xx/Include" -I"/home/liguo/project/noneLab/noneLab-version-1.1/stm32/f4/Drivers/CMSIS/Include"  -Og -g3 -Wall -fmessage-length=0 -ffunction-sections -c -fmessage-length=0 -MMD -MP -MF"Src/main.d" -MT"Src/main.o" -o "Src/main.o" "../Src/main.c"
../Src/main.c: In function 'main':
../Src/main.c:108:16: warning: pointer targets in passing argument 1 of 'joinDataBody' differ in signedness [-Wpointer-sign]
   joinDataBody(dataBody,dataId,data);
                ^~~~~~~~
In file included from ../Src/main.c:42:0:
/home/liguo/project/noneLab/noneLab-version-1.1/stm32/f4/Inc/dataConv.h:14:6: note: expected 'char *' but argument is of type 'uint8_t * {aka unsigned char *}'
 void joinDataBody(char *dataBody,char *dataId,uint32_t *data);
      ^~~~~~~~~~~~
../Src/main.c:109:28: warning: pointer targets in passing argument 2 of 'creatDataFrame' differ in signedness [-Wpointer-sign]
   creatDataFrame(dataFrame,dataBody);
                            ^~~~~~~~
In file included from ../Src/main.c:42:0:
/home/liguo/project/noneLab/noneLab-version-1.1/stm32/f4/Inc/dataConv.h:15:6: note: expected 'char *' but argument is of type 'uint8_t * {aka unsigned char *}'
 void creatDataFrame(char *dataFrame,char *dataBody);
      ^~~~~~~~~~~~~~
../Src/main.c:122:30: warning: pointer targets in passing argument 2 of 'HAL_UART_Transmit' differ in signedness [-Wpointer-sign]
    HAL_UART_Transmit(&huart1,dataFrame,10,0xffff);
                              ^~~~~~~~~
In file included from /home/liguo/project/noneLab/noneLab-version-1.1/stm32/f4/Inc/stm32f4xx_hal_conf.h:368:0,
                 from /home/liguo/project/noneLab/noneLab-version-1.1/stm32/f4/Drivers/STM32F4xx_HAL_Driver/Inc/stm32f4xx_hal.h:46,
                 from ../Src/main.c:41:
/home/liguo/project/noneLab/noneLab-version-1.1/stm32/f4/Drivers/STM32F4xx_HAL_Driver/Inc/stm32f4xx_hal_uart.h:645:19: note: expected 'uint8_t * {aka unsigned char *}' but argument is of type 'char *'
 HAL_StatusTypeDef HAL_UART_Transmit(UART_HandleTypeDef *huart, uint8_t *pData, uint16_t Size, uint32_t Timeout);
                   ^~~~~~~~~~~~~~~~~
Finished building: ../Src/main.c
 
Building target: f4.elf
Invoking: MCU GCC Linker
arm-none-eabi-gcc -mcpu=cortex-m4 -mthumb -mfloat-abi=hard -mfpu=fpv4-sp-d16 -specs=nosys.specs -specs=nano.specs -T"../STM32F427ZITx_FLASH.ld" -Wl,-Map=output.map -Wl,--gc-sections -o "f4.elf" @"objects.list"   -lm
Finished building target: f4.elf
 
make --no-print-directory post-build
Generating binary and Printing size information:
arm-none-eabi-objcopy -O binary "f4.elf" "f4.bin"
arm-none-eabi-size "f4.elf"
   text	   data	    bss	    dec	    hex	filename
   9128	    120	   1648	  10896	   2a90	f4.elf
 
21:17:37 **** Incremental Build of configuration Debug for project f4 ****
make all 
Building file: ../Src/main.c
Invoking: MCU GCC Compiler
/home/liguo/project/noneLab/noneLab-version-1.1/stm32/f4/Debug
arm-none-eabi-gcc -mcpu=cortex-m4 -mthumb -mfloat-abi=hard -mfpu=fpv4-sp-d16 '-D__weak=__attribute__((weak))' '-D__packed="__attribute__((__packed__))"' -DUSE_HAL_DRIVER -DSTM32F427xx -I"/home/liguo/project/noneLab/noneLab-version-1.1/stm32/f4/Inc" -I"/home/liguo/project/noneLab/noneLab-version-1.1/stm32/f4/Drivers/STM32F4xx_HAL_Driver/Inc" -I"/home/liguo/project/noneLab/noneLab-version-1.1/stm32/f4/Drivers/STM32F4xx_HAL_Driver/Inc/Legacy" -I"/home/liguo/project/noneLab/noneLab-version-1.1/stm32/f4/Drivers/CMSIS/Device/ST/STM32F4xx/Include" -I"/home/liguo/project/noneLab/noneLab-version-1.1/stm32/f4/Drivers/CMSIS/Include"  -Og -g3 -Wall -fmessage-length=0 -ffunction-sections -c -fmessage-length=0 -MMD -MP -MF"Src/main.d" -MT"Src/main.o" -o "Src/main.o" "../Src/main.c"
../Src/main.c: In function 'main':
../Src/main.c:108:16: warning: pointer targets in passing argument 1 of 'joinDataBody' differ in signedness [-Wpointer-sign]
   joinDataBody(dataBody,dataId,data);
                ^~~~~~~~
In file included from ../Src/main.c:42:0:
/home/liguo/project/noneLab/noneLab-version-1.1/stm32/f4/Inc/dataConv.h:14:6: note: expected 'char *' but argument is of type 'uint8_t * {aka unsigned char *}'
 void joinDataBody(char *dataBody,char *dataId,uint32_t *data);
      ^~~~~~~~~~~~
../Src/main.c:109:28: warning: pointer targets in passing argument 2 of 'creatDataFrame' differ in signedness [-Wpointer-sign]
   creatDataFrame(dataFrame,dataBody);
                            ^~~~~~~~
In file included from ../Src/main.c:42:0:
/home/liguo/project/noneLab/noneLab-version-1.1/stm32/f4/Inc/dataConv.h:15:6: note: expected 'char *' but argument is of type 'uint8_t * {aka unsigned char *}'
 void creatDataFrame(char *dataFrame,char *dataBody);
      ^~~~~~~~~~~~~~
../Src/main.c:122:30: warning: pointer targets in passing argument 2 of 'HAL_UART_Transmit' differ in signedness [-Wpointer-sign]
    HAL_UART_Transmit(&huart1,TxData,10,0xffff);
                              ^~~~~~
In file included from /home/liguo/project/noneLab/noneLab-version-1.1/stm32/f4/Inc/stm32f4xx_hal_conf.h:368:0,
                 from /home/liguo/project/noneLab/noneLab-version-1.1/stm32/f4/Drivers/STM32F4xx_HAL_Driver/Inc/stm32f4xx_hal.h:46,
                 from ../Src/main.c:41:
/home/liguo/project/noneLab/noneLab-version-1.1/stm32/f4/Drivers/STM32F4xx_HAL_Driver/Inc/stm32f4xx_hal_uart.h:645:19: note: expected 'uint8_t * {aka unsigned char *}' but argument is of type 'char *'
 HAL_StatusTypeDef HAL_UART_Transmit(UART_HandleTypeDef *huart, uint8_t *pData, uint16_t Size, uint32_t Timeout);
                   ^~~~~~~~~~~~~~~~~
Finished building: ../Src/main.c
 
Building target: f4.elf
Invoking: MCU GCC Linker
arm-none-eabi-gcc -mcpu=cortex-m4 -mthumb -mfloat-abi=hard -mfpu=fpv4-sp-d16 -specs=nosys.specs -specs=nano.specs -T"../STM32F427ZITx_FLASH.ld" -Wl,-Map=output.map -Wl,--gc-sections -o "f4.elf" @"objects.list"   -lm
Finished building target: f4.elf
 
make --no-print-directory post-build
Generating binary and Printing size information:
arm-none-eabi-objcopy -O binary "f4.elf" "f4.bin"
arm-none-eabi-size "f4.elf"
   text	   data	    bss	    dec	    hex	filename
   9152	    120	   1648	  10920	   2aa8	f4.elf
 
21:18:52 **** Incremental Build of configuration Debug for project f4 ****
make all 
Building file: ../Src/main.c
Invoking: MCU GCC Compiler
/home/liguo/project/noneLab/noneLab-version-1.1/stm32/f4/Debug
arm-none-eabi-gcc -mcpu=cortex-m4 -mthumb -mfloat-abi=hard -mfpu=fpv4-sp-d16 '-D__weak=__attribute__((weak))' '-D__packed="__attribute__((__packed__))"' -DUSE_HAL_DRIVER -DSTM32F427xx -I"/home/liguo/project/noneLab/noneLab-version-1.1/stm32/f4/Inc" -I"/home/liguo/project/noneLab/noneLab-version-1.1/stm32/f4/Drivers/STM32F4xx_HAL_Driver/Inc" -I"/home/liguo/project/noneLab/noneLab-version-1.1/stm32/f4/Drivers/STM32F4xx_HAL_Driver/Inc/Legacy" -I"/home/liguo/project/noneLab/noneLab-version-1.1/stm32/f4/Drivers/CMSIS/Device/ST/STM32F4xx/Include" -I"/home/liguo/project/noneLab/noneLab-version-1.1/stm32/f4/Drivers/CMSIS/Include"  -Og -g3 -Wall -fmessage-length=0 -ffunction-sections -c -fmessage-length=0 -MMD -MP -MF"Src/main.d" -MT"Src/main.o" -o "Src/main.o" "../Src/main.c"
../Src/main.c: In function 'main':
../Src/main.c:108:16: warning: pointer targets in passing argument 1 of 'joinDataBody' differ in signedness [-Wpointer-sign]
   joinDataBody(dataBody,dataId,data);
                ^~~~~~~~
In file included from ../Src/main.c:42:0:
/home/liguo/project/noneLab/noneLab-version-1.1/stm32/f4/Inc/dataConv.h:14:6: note: expected 'char *' but argument is of type 'uint8_t * {aka unsigned char *}'
 void joinDataBody(char *dataBody,char *dataId,uint32_t *data);
      ^~~~~~~~~~~~
../Src/main.c:109:28: warning: pointer targets in passing argument 2 of 'creatDataFrame' differ in signedness [-Wpointer-sign]
   creatDataFrame(dataFrame,dataBody);
                            ^~~~~~~~
In file included from ../Src/main.c:42:0:
/home/liguo/project/noneLab/noneLab-version-1.1/stm32/f4/Inc/dataConv.h:15:6: note: expected 'char *' but argument is of type 'uint8_t * {aka unsigned char *}'
 void creatDataFrame(char *dataFrame,char *dataBody);
      ^~~~~~~~~~~~~~
../Src/main.c:122:30: warning: pointer targets in passing argument 2 of 'HAL_UART_Transmit' differ in signedness [-Wpointer-sign]
    HAL_UART_Transmit(&huart1,dataFrame,10,0xffff);
                              ^~~~~~~~~
In file included from /home/liguo/project/noneLab/noneLab-version-1.1/stm32/f4/Inc/stm32f4xx_hal_conf.h:368:0,
                 from /home/liguo/project/noneLab/noneLab-version-1.1/stm32/f4/Drivers/STM32F4xx_HAL_Driver/Inc/stm32f4xx_hal.h:46,
                 from ../Src/main.c:41:
/home/liguo/project/noneLab/noneLab-version-1.1/stm32/f4/Drivers/STM32F4xx_HAL_Driver/Inc/stm32f4xx_hal_uart.h:645:19: note: expected 'uint8_t * {aka unsigned char *}' but argument is of type 'char *'
 HAL_StatusTypeDef HAL_UART_Transmit(UART_HandleTypeDef *huart, uint8_t *pData, uint16_t Size, uint32_t Timeout);
                   ^~~~~~~~~~~~~~~~~
../Src/main.c:120:9: warning: unused variable 'TxData' [-Wunused-variable]
    char TxData[]="liguo";
         ^~~~~~
Finished building: ../Src/main.c
 
Building target: f4.elf
Invoking: MCU GCC Linker
arm-none-eabi-gcc -mcpu=cortex-m4 -mthumb -mfloat-abi=hard -mfpu=fpv4-sp-d16 -specs=nosys.specs -specs=nano.specs -T"../STM32F427ZITx_FLASH.ld" -Wl,-Map=output.map -Wl,--gc-sections -o "f4.elf" @"objects.list"   -lm
Finished building target: f4.elf
 
make --no-print-directory post-build
Generating binary and Printing size information:
arm-none-eabi-objcopy -O binary "f4.elf" "f4.bin"
arm-none-eabi-size "f4.elf"
   text	   data	    bss	    dec	    hex	filename
   9128	    120	   1648	  10896	   2a90	f4.elf
 
21:23:46 **** Incremental Build of configuration Debug for project f4 ****
make all 
Building file: ../Src/main.c
Invoking: MCU GCC Compiler
/home/liguo/project/noneLab/noneLab-version-1.1/stm32/f4/Debug
arm-none-eabi-gcc -mcpu=cortex-m4 -mthumb -mfloat-abi=hard -mfpu=fpv4-sp-d16 '-D__weak=__attribute__((weak))' '-D__packed="__attribute__((__packed__))"' -DUSE_HAL_DRIVER -DSTM32F427xx -I"/home/liguo/project/noneLab/noneLab-version-1.1/stm32/f4/Inc" -I"/home/liguo/project/noneLab/noneLab-version-1.1/stm32/f4/Drivers/STM32F4xx_HAL_Driver/Inc" -I"/home/liguo/project/noneLab/noneLab-version-1.1/stm32/f4/Drivers/STM32F4xx_HAL_Driver/Inc/Legacy" -I"/home/liguo/project/noneLab/noneLab-version-1.1/stm32/f4/Drivers/CMSIS/Device/ST/STM32F4xx/Include" -I"/home/liguo/project/noneLab/noneLab-version-1.1/stm32/f4/Drivers/CMSIS/Include"  -Og -g3 -Wall -fmessage-length=0 -ffunction-sections -c -fmessage-length=0 -MMD -MP -MF"Src/main.d" -MT"Src/main.o" -o "Src/main.o" "../Src/main.c"
../Src/main.c: In function 'main':
../Src/main.c:108:16: warning: pointer targets in passing argument 1 of 'joinDataBody' differ in signedness [-Wpointer-sign]
   joinDataBody(dataBody,dataId,data);
                ^~~~~~~~
In file included from ../Src/main.c:42:0:
/home/liguo/project/noneLab/noneLab-version-1.1/stm32/f4/Inc/dataConv.h:14:6: note: expected 'char *' but argument is of type 'uint8_t * {aka unsigned char *}'
 void joinDataBody(char *dataBody,char *dataId,uint32_t *data);
      ^~~~~~~~~~~~
../Src/main.c:109:28: warning: pointer targets in passing argument 2 of 'creatDataFrame' differ in signedness [-Wpointer-sign]
   creatDataFrame(dataFrame,dataBody);
                            ^~~~~~~~
In file included from ../Src/main.c:42:0:
/home/liguo/project/noneLab/noneLab-version-1.1/stm32/f4/Inc/dataConv.h:15:6: note: expected 'char *' but argument is of type 'uint8_t * {aka unsigned char *}'
 void creatDataFrame(char *dataFrame,char *dataBody);
      ^~~~~~~~~~~~~~
../Src/main.c:122:30: warning: pointer targets in passing argument 2 of 'HAL_UART_Transmit' differ in signedness [-Wpointer-sign]
    HAL_UART_Transmit(&huart1,TxData,10,0xffff);
                              ^~~~~~
In file included from /home/liguo/project/noneLab/noneLab-version-1.1/stm32/f4/Inc/stm32f4xx_hal_conf.h:368:0,
                 from /home/liguo/project/noneLab/noneLab-version-1.1/stm32/f4/Drivers/STM32F4xx_HAL_Driver/Inc/stm32f4xx_hal.h:46,
                 from ../Src/main.c:41:
/home/liguo/project/noneLab/noneLab-version-1.1/stm32/f4/Drivers/STM32F4xx_HAL_Driver/Inc/stm32f4xx_hal_uart.h:645:19: note: expected 'uint8_t * {aka unsigned char *}' but argument is of type 'char *'
 HAL_StatusTypeDef HAL_UART_Transmit(UART_HandleTypeDef *huart, uint8_t *pData, uint16_t Size, uint32_t Timeout);
                   ^~~~~~~~~~~~~~~~~
Finished building: ../Src/main.c
 
Building target: f4.elf
Invoking: MCU GCC Linker
arm-none-eabi-gcc -mcpu=cortex-m4 -mthumb -mfloat-abi=hard -mfpu=fpv4-sp-d16 -specs=nosys.specs -specs=nano.specs -T"../STM32F427ZITx_FLASH.ld" -Wl,-Map=output.map -Wl,--gc-sections -o "f4.elf" @"objects.list"   -lm
Finished building target: f4.elf
 
make --no-print-directory post-build
Generating binary and Printing size information:
arm-none-eabi-objcopy -O binary "f4.elf" "f4.bin"
arm-none-eabi-size "f4.elf"
   text	   data	    bss	    dec	    hex	filename
   9152	    120	   1648	  10920	   2aa8	f4.elf
 
21:24:50 **** Incremental Build of configuration Debug for project f4 ****
make all 
make: Nothing to be done for 'all'.
21:25:27 **** Incremental Build of configuration Debug for project f4 ****
make all 
Building file: ../Src/main.c
Invoking: MCU GCC Compiler
/home/liguo/project/noneLab/noneLab-version-1.1/stm32/f4/Debug
arm-none-eabi-gcc -mcpu=cortex-m4 -mthumb -mfloat-abi=hard -mfpu=fpv4-sp-d16 '-D__weak=__attribute__((weak))' '-D__packed="__attribute__((__packed__))"' -DUSE_HAL_DRIVER -DSTM32F427xx -I"/home/liguo/project/noneLab/noneLab-version-1.1/stm32/f4/Inc" -I"/home/liguo/project/noneLab/noneLab-version-1.1/stm32/f4/Drivers/STM32F4xx_HAL_Driver/Inc" -I"/home/liguo/project/noneLab/noneLab-version-1.1/stm32/f4/Drivers/STM32F4xx_HAL_Driver/Inc/Legacy" -I"/home/liguo/project/noneLab/noneLab-version-1.1/stm32/f4/Drivers/CMSIS/Device/ST/STM32F4xx/Include" -I"/home/liguo/project/noneLab/noneLab-version-1.1/stm32/f4/Drivers/CMSIS/Include"  -Og -g3 -Wall -fmessage-length=0 -ffunction-sections -c -fmessage-length=0 -MMD -MP -MF"Src/main.d" -MT"Src/main.o" -o "Src/main.o" "../Src/main.c"
../Src/main.c: In function 'main':
../Src/main.c:108:16: warning: pointer targets in passing argument 1 of 'joinDataBody' differ in signedness [-Wpointer-sign]
   joinDataBody(dataBody,dataId,data);
                ^~~~~~~~
In file included from ../Src/main.c:42:0:
/home/liguo/project/noneLab/noneLab-version-1.1/stm32/f4/Inc/dataConv.h:14:6: note: expected 'char *' but argument is of type 'uint8_t * {aka unsigned char *}'
 void joinDataBody(char *dataBody,char *dataId,uint32_t *data);
      ^~~~~~~~~~~~
../Src/main.c:109:28: warning: pointer targets in passing argument 2 of 'creatDataFrame' differ in signedness [-Wpointer-sign]
   creatDataFrame(dataFrame,dataBody);
                            ^~~~~~~~
In file included from ../Src/main.c:42:0:
/home/liguo/project/noneLab/noneLab-version-1.1/stm32/f4/Inc/dataConv.h:15:6: note: expected 'char *' but argument is of type 'uint8_t * {aka unsigned char *}'
 void creatDataFrame(char *dataFrame,char *dataBody);
      ^~~~~~~~~~~~~~
../Src/main.c:122:30: warning: pointer targets in passing argument 2 of 'HAL_UART_Transmit' differ in signedness [-Wpointer-sign]
    HAL_UART_Transmit(&huart1,TxData,4,0xffff);
                              ^~~~~~
In file included from /home/liguo/project/noneLab/noneLab-version-1.1/stm32/f4/Inc/stm32f4xx_hal_conf.h:368:0,
                 from /home/liguo/project/noneLab/noneLab-version-1.1/stm32/f4/Drivers/STM32F4xx_HAL_Driver/Inc/stm32f4xx_hal.h:46,
                 from ../Src/main.c:41:
/home/liguo/project/noneLab/noneLab-version-1.1/stm32/f4/Drivers/STM32F4xx_HAL_Driver/Inc/stm32f4xx_hal_uart.h:645:19: note: expected 'uint8_t * {aka unsigned char *}' but argument is of type 'char *'
 HAL_StatusTypeDef HAL_UART_Transmit(UART_HandleTypeDef *huart, uint8_t *pData, uint16_t Size, uint32_t Timeout);
                   ^~~~~~~~~~~~~~~~~
Finished building: ../Src/main.c
 
Building target: f4.elf
Invoking: MCU GCC Linker
arm-none-eabi-gcc -mcpu=cortex-m4 -mthumb -mfloat-abi=hard -mfpu=fpv4-sp-d16 -specs=nosys.specs -specs=nano.specs -T"../STM32F427ZITx_FLASH.ld" -Wl,-Map=output.map -Wl,--gc-sections -o "f4.elf" @"objects.list"   -lm
Finished building target: f4.elf
 
make --no-print-directory post-build
Generating binary and Printing size information:
arm-none-eabi-objcopy -O binary "f4.elf" "f4.bin"
arm-none-eabi-size "f4.elf"
   text	   data	    bss	    dec	    hex	filename
   9156	    120	   1648	  10924	   2aac	f4.elf
 
21:26:47 **** Incremental Build of configuration Debug for project f4 ****
make all 
make: Nothing to be done for 'all'.
21:29:02 **** Incremental Build of configuration Debug for project f4 ****
make all 
make: Nothing to be done for 'all'.
21:29:45 **** Incremental Build of configuration Debug for project f4 ****
make all 
Building file: ../Src/main.c
Invoking: MCU GCC Compiler
/home/liguo/project/noneLab/noneLab-version-1.1/stm32/f4/Debug
arm-none-eabi-gcc -mcpu=cortex-m4 -mthumb -mfloat-abi=hard -mfpu=fpv4-sp-d16 '-D__weak=__attribute__((weak))' '-D__packed="__attribute__((__packed__))"' -DUSE_HAL_DRIVER -DSTM32F427xx -I"/home/liguo/project/noneLab/noneLab-version-1.1/stm32/f4/Inc" -I"/home/liguo/project/noneLab/noneLab-version-1.1/stm32/f4/Drivers/STM32F4xx_HAL_Driver/Inc" -I"/home/liguo/project/noneLab/noneLab-version-1.1/stm32/f4/Drivers/STM32F4xx_HAL_Driver/Inc/Legacy" -I"/home/liguo/project/noneLab/noneLab-version-1.1/stm32/f4/Drivers/CMSIS/Device/ST/STM32F4xx/Include" -I"/home/liguo/project/noneLab/noneLab-version-1.1/stm32/f4/Drivers/CMSIS/Include"  -Og -g3 -Wall -fmessage-length=0 -ffunction-sections -c -fmessage-length=0 -MMD -MP -MF"Src/main.d" -MT"Src/main.o" -o "Src/main.o" "../Src/main.c"
../Src/main.c: In function 'main':
../Src/main.c:108:16: warning: pointer targets in passing argument 1 of 'joinDataBody' differ in signedness [-Wpointer-sign]
   joinDataBody(dataBody,dataId,data);
                ^~~~~~~~
In file included from ../Src/main.c:42:0:
/home/liguo/project/noneLab/noneLab-version-1.1/stm32/f4/Inc/dataConv.h:14:6: note: expected 'char *' but argument is of type 'uint8_t * {aka unsigned char *}'
 void joinDataBody(char *dataBody,char *dataId,uint32_t *data);
      ^~~~~~~~~~~~
../Src/main.c:109:28: warning: pointer targets in passing argument 2 of 'creatDataFrame' differ in signedness [-Wpointer-sign]
   creatDataFrame(dataFrame,dataBody);
                            ^~~~~~~~
In file included from ../Src/main.c:42:0:
/home/liguo/project/noneLab/noneLab-version-1.1/stm32/f4/Inc/dataConv.h:15:6: note: expected 'char *' but argument is of type 'uint8_t * {aka unsigned char *}'
 void creatDataFrame(char *dataFrame,char *dataBody);
      ^~~~~~~~~~~~~~
../Src/main.c:122:30: warning: pointer targets in passing argument 2 of 'HAL_UART_Transmit' differ in signedness [-Wpointer-sign]
    HAL_UART_Transmit(&huart1,TxData,7,0xffff);
                              ^~~~~~
In file included from /home/liguo/project/noneLab/noneLab-version-1.1/stm32/f4/Inc/stm32f4xx_hal_conf.h:368:0,
                 from /home/liguo/project/noneLab/noneLab-version-1.1/stm32/f4/Drivers/STM32F4xx_HAL_Driver/Inc/stm32f4xx_hal.h:46,
                 from ../Src/main.c:41:
/home/liguo/project/noneLab/noneLab-version-1.1/stm32/f4/Drivers/STM32F4xx_HAL_Driver/Inc/stm32f4xx_hal_uart.h:645:19: note: expected 'uint8_t * {aka unsigned char *}' but argument is of type 'char *'
 HAL_StatusTypeDef HAL_UART_Transmit(UART_HandleTypeDef *huart, uint8_t *pData, uint16_t Size, uint32_t Timeout);
                   ^~~~~~~~~~~~~~~~~
Finished building: ../Src/main.c
 
Building target: f4.elf
Invoking: MCU GCC Linker
arm-none-eabi-gcc -mcpu=cortex-m4 -mthumb -mfloat-abi=hard -mfpu=fpv4-sp-d16 -specs=nosys.specs -specs=nano.specs -T"../STM32F427ZITx_FLASH.ld" -Wl,-Map=output.map -Wl,--gc-sections -o "f4.elf" @"objects.list"   -lm
Finished building target: f4.elf
 
make --no-print-directory post-build
Generating binary and Printing size information:
arm-none-eabi-objcopy -O binary "f4.elf" "f4.bin"
arm-none-eabi-size "f4.elf"
   text	   data	    bss	    dec	    hex	filename
   9152	    120	   1648	  10920	   2aa8	f4.elf
 
21:39:38 **** Incremental Build of configuration Debug for project f4 ****
make all 
Building file: ../Src/main.c
Invoking: MCU GCC Compiler
/home/liguo/project/noneLab/noneLab-version-1.1/stm32/f4/Debug
arm-none-eabi-gcc -mcpu=cortex-m4 -mthumb -mfloat-abi=hard -mfpu=fpv4-sp-d16 '-D__weak=__attribute__((weak))' '-D__packed="__attribute__((__packed__))"' -DUSE_HAL_DRIVER -DSTM32F427xx -I"/home/liguo/project/noneLab/noneLab-version-1.1/stm32/f4/Inc" -I"/home/liguo/project/noneLab/noneLab-version-1.1/stm32/f4/Drivers/STM32F4xx_HAL_Driver/Inc" -I"/home/liguo/project/noneLab/noneLab-version-1.1/stm32/f4/Drivers/STM32F4xx_HAL_Driver/Inc/Legacy" -I"/home/liguo/project/noneLab/noneLab-version-1.1/stm32/f4/Drivers/CMSIS/Device/ST/STM32F4xx/Include" -I"/home/liguo/project/noneLab/noneLab-version-1.1/stm32/f4/Drivers/CMSIS/Include"  -Og -g3 -Wall -fmessage-length=0 -ffunction-sections -c -fmessage-length=0 -MMD -MP -MF"Src/main.d" -MT"Src/main.o" -o "Src/main.o" "../Src/main.c"
../Src/main.c: In function 'main':
../Src/main.c:108:16: warning: pointer targets in passing argument 1 of 'joinDataBody' differ in signedness [-Wpointer-sign]
   joinDataBody(dataBody,dataId,data);
                ^~~~~~~~
In file included from ../Src/main.c:42:0:
/home/liguo/project/noneLab/noneLab-version-1.1/stm32/f4/Inc/dataConv.h:14:6: note: expected 'char *' but argument is of type 'uint8_t * {aka unsigned char *}'
 void joinDataBody(char *dataBody,char *dataId,uint32_t *data);
      ^~~~~~~~~~~~
../Src/main.c:109:28: warning: pointer targets in passing argument 2 of 'creatDataFrame' differ in signedness [-Wpointer-sign]
   creatDataFrame(dataFrame,dataBody);
                            ^~~~~~~~
In file included from ../Src/main.c:42:0:
/home/liguo/project/noneLab/noneLab-version-1.1/stm32/f4/Inc/dataConv.h:15:6: note: expected 'char *' but argument is of type 'uint8_t * {aka unsigned char *}'
 void creatDataFrame(char *dataFrame,char *dataBody);
      ^~~~~~~~~~~~~~
../Src/main.c:122:30: warning: pointer targets in passing argument 2 of 'HAL_UART_Transmit' differ in signedness [-Wpointer-sign]
    HAL_UART_Transmit(&huart1,dataFrame,7,0xffff);
                              ^~~~~~~~~
In file included from /home/liguo/project/noneLab/noneLab-version-1.1/stm32/f4/Inc/stm32f4xx_hal_conf.h:368:0,
                 from /home/liguo/project/noneLab/noneLab-version-1.1/stm32/f4/Drivers/STM32F4xx_HAL_Driver/Inc/stm32f4xx_hal.h:46,
                 from ../Src/main.c:41:
/home/liguo/project/noneLab/noneLab-version-1.1/stm32/f4/Drivers/STM32F4xx_HAL_Driver/Inc/stm32f4xx_hal_uart.h:645:19: note: expected 'uint8_t * {aka unsigned char *}' but argument is of type 'char *'
 HAL_StatusTypeDef HAL_UART_Transmit(UART_HandleTypeDef *huart, uint8_t *pData, uint16_t Size, uint32_t Timeout);
                   ^~~~~~~~~~~~~~~~~
../Src/main.c:120:9: warning: unused variable 'TxData' [-Wunused-variable]
    char TxData[]="liguo";
         ^~~~~~
Finished building: ../Src/main.c
 
Building target: f4.elf
Invoking: MCU GCC Linker
arm-none-eabi-gcc -mcpu=cortex-m4 -mthumb -mfloat-abi=hard -mfpu=fpv4-sp-d16 -specs=nosys.specs -specs=nano.specs -T"../STM32F427ZITx_FLASH.ld" -Wl,-Map=output.map -Wl,--gc-sections -o "f4.elf" @"objects.list"   -lm
Finished building target: f4.elf
 
make --no-print-directory post-build
Generating binary and Printing size information:
arm-none-eabi-objcopy -O binary "f4.elf" "f4.bin"
arm-none-eabi-size "f4.elf"
   text	   data	    bss	    dec	    hex	filename
   9128	    120	   1648	  10896	   2a90	f4.elf
 
22:07:01 **** Incremental Build of configuration Debug for project f4 ****
make all 
Building file: ../Src/main.c
Invoking: MCU GCC Compiler
/home/liguo/project/noneLab/noneLab-version-1.1/stm32/f4/Debug
arm-none-eabi-gcc -mcpu=cortex-m4 -mthumb -mfloat-abi=hard -mfpu=fpv4-sp-d16 '-D__weak=__attribute__((weak))' '-D__packed="__attribute__((__packed__))"' -DUSE_HAL_DRIVER -DSTM32F427xx -I"/home/liguo/project/noneLab/noneLab-version-1.1/stm32/f4/Inc" -I"/home/liguo/project/noneLab/noneLab-version-1.1/stm32/f4/Drivers/STM32F4xx_HAL_Driver/Inc" -I"/home/liguo/project/noneLab/noneLab-version-1.1/stm32/f4/Drivers/STM32F4xx_HAL_Driver/Inc/Legacy" -I"/home/liguo/project/noneLab/noneLab-version-1.1/stm32/f4/Drivers/CMSIS/Device/ST/STM32F4xx/Include" -I"/home/liguo/project/noneLab/noneLab-version-1.1/stm32/f4/Drivers/CMSIS/Include"  -Og -g3 -Wall -fmessage-length=0 -ffunction-sections -c -fmessage-length=0 -MMD -MP -MF"Src/main.d" -MT"Src/main.o" -o "Src/main.o" "../Src/main.c"
../Src/main.c: In function 'main':
../Src/main.c:108:16: warning: pointer targets in passing argument 1 of 'joinDataBody' differ in signedness [-Wpointer-sign]
   joinDataBody(dataBody,dataId,data);
                ^~~~~~~~
In file included from ../Src/main.c:42:0:
/home/liguo/project/noneLab/noneLab-version-1.1/stm32/f4/Inc/dataConv.h:14:6: note: expected 'char *' but argument is of type 'uint8_t * {aka unsigned char *}'
 void joinDataBody(char *dataBody,char *dataId,uint32_t *data);
      ^~~~~~~~~~~~
../Src/main.c:109:28: warning: pointer targets in passing argument 2 of 'creatDataFrame' differ in signedness [-Wpointer-sign]
   creatDataFrame(dataFrame,dataBody);
                            ^~~~~~~~
In file included from ../Src/main.c:42:0:
/home/liguo/project/noneLab/noneLab-version-1.1/stm32/f4/Inc/dataConv.h:15:6: note: expected 'char *' but argument is of type 'uint8_t * {aka unsigned char *}'
 void creatDataFrame(char *dataFrame,char *dataBody);
      ^~~~~~~~~~~~~~
../Src/main.c:122:30: warning: pointer targets in passing argument 2 of 'HAL_UART_Transmit' differ in signedness [-Wpointer-sign]
    HAL_UART_Transmit(&huart1,TxData,7,0xffff);
                              ^~~~~~
In file included from /home/liguo/project/noneLab/noneLab-version-1.1/stm32/f4/Inc/stm32f4xx_hal_conf.h:368:0,
                 from /home/liguo/project/noneLab/noneLab-version-1.1/stm32/f4/Drivers/STM32F4xx_HAL_Driver/Inc/stm32f4xx_hal.h:46,
                 from ../Src/main.c:41:
[...]
../Src/main.c: In function 'main':
../Src/main.c:142:30: warning: pointer targets in passing argument 2 of 'HAL_UART_Transmit' differ in signedness [-Wpointer-sign]
    HAL_UART_Transmit(&huart1,dataFrame,30,0xffff);
                              ^~~~~~~~~
In file included from /home/liguo/project/noneLab/noneLab-version-1.1/stm32/cube-codes/Inc/stm32f1xx_hal_conf.h:315:0,
                 from /home/liguo/project/noneLab/noneLab-version-1.1/stm32/cube-codes/Drivers/STM32F1xx_HAL_Driver/Inc/stm32f1xx_hal.h:46,
                 from ../Src/main.c:41:
/home/liguo/project/noneLab/noneLab-version-1.1/stm32/cube-codes/Drivers/STM32F1xx_HAL_Driver/Inc/stm32f1xx_hal_uart.h:635:19: note: expected 'uint8_t * {aka unsigned char *}' but argument is of type 'char *'
 HAL_StatusTypeDef HAL_UART_Transmit(UART_HandleTypeDef *huart, uint8_t *pData, uint16_t Size, uint32_t Timeout);
                   ^~~~~~~~~~~~~~~~~
../Src/main.c:126:12: warning: unused variable 'adcData' [-Wunused-variable]
   uint16_t adcData[5];
            ^~~~~~~
../Src/main.c:125:8: warning: unused variable 'adcStr' [-Wunused-variable]
   char adcStr[6];
        ^~~~~~
Finished building: ../Src/main.c
 
Building target: cube-codes.elf
Invoking: MCU GCC Linker
arm-none-eabi-gcc -mcpu=cortex-m3 -mthumb -mfloat-abi=soft -specs=nosys.specs -specs=nano.specs -T"../STM32F103ZETx_FLASH.ld" -Wl,-Map=output.map -Wl,--gc-sections -o "cube-codes.elf" @"objects.list"   -lm
Finished building target: cube-codes.elf
 
make --no-print-directory post-build
Generating binary and Printing size information:
arm-none-eabi-objcopy -O binary "cube-codes.elf" "cube-codes.bin"
arm-none-eabi-size "cube-codes.elf"
   text	   data	    bss	    dec	    hex	filename
  12412	    120	   1760	  14292	   37d4	cube-codes.elf
 
10:16:18 **** Incremental Build of configuration Debug for project cube-codes ****
make all 
Building file: ../Src/dataConv.c
Invoking: MCU GCC Compiler
/home/liguo/project/noneLab/noneLab-version-1.1/stm32/cube-codes/Debug
arm-none-eabi-gcc -mcpu=cortex-m3 -mthumb -mfloat-abi=soft '-D__weak=__attribute__((weak))' '-D__packed="__attribute__((__packed__))"' -DUSE_HAL_DRIVER -DSTM32F103xE -I"/home/liguo/project/noneLab/noneLab-version-1.1/stm32/cube-codes/Inc" -I"/home/liguo/project/noneLab/noneLab-version-1.1/stm32/cube-codes/Drivers/STM32F1xx_HAL_Driver/Inc" -I"/home/liguo/project/noneLab/noneLab-version-1.1/stm32/cube-codes/Drivers/STM32F1xx_HAL_Driver/Inc/Legacy" -I"/home/liguo/project/noneLab/noneLab-version-1.1/stm32/cube-codes/Drivers/CMSIS/Device/ST/STM32F1xx/Include" -I"/home/liguo/project/noneLab/noneLab-version-1.1/stm32/cube-codes/Drivers/CMSIS/Include"  -Og -g3 -Wall -fmessage-length=0 -ffunction-sections -c -fmessage-length=0 -MMD -MP -MF"Src/dataConv.d" -MT"Src/dataConv.o" -o "Src/dataConv.o" "../Src/dataConv.c"
../Src/dataConv.c: In function 'joinDataBody':
../Src/dataConv.c:18:21: warning: array subscript has type 'char' [-Wchar-subscripts]
         id[0]=dataId[index];
                     ^
../Src/dataConv.c:20:30: warning: array subscript has type 'char' [-Wchar-subscripts]
         sprintf(tmp,"%d",data[index]);
                              ^
../Src/dataConv.c:20:23: warning: format '%d' expects argument of type 'int', but argument 3 has type 'uint32_t {aka long unsigned int}' [-Wformat=]
         sprintf(tmp,"%d",data[index]);
                       ^
Finished building: ../Src/dataConv.c
 
Building file: ../Src/main.c
Invoking: MCU GCC Compiler
/home/liguo/project/noneLab/noneLab-version-1.1/stm32/cube-codes/Debug
arm-none-eabi-gcc -mcpu=cortex-m3 -mthumb -mfloat-abi=soft '-D__weak=__attribute__((weak))' '-D__packed="__attribute__((__packed__))"' -DUSE_HAL_DRIVER -DSTM32F103xE -I"/home/liguo/project/noneLab/noneLab-version-1.1/stm32/cube-codes/Inc" -I"/home/liguo/project/noneLab/noneLab-version-1.1/stm32/cube-codes/Drivers/STM32F1xx_HAL_Driver/Inc" -I"/home/liguo/project/noneLab/noneLab-version-1.1/stm32/cube-codes/Drivers/STM32F1xx_HAL_Driver/Inc/Legacy" -I"/home/liguo/project/noneLab/noneLab-version-1.1/stm32/cube-codes/Drivers/CMSIS/Device/ST/STM32F1xx/Include" -I"/home/liguo/project/noneLab/noneLab-version-1.1/stm32/cube-codes/Drivers/CMSIS/Include"  -Og -g3 -Wall -fmessage-length=0 -ffunction-sections -c -fmessage-length=0 -MMD -MP -MF"Src/main.d" -MT"Src/main.o" -o "Src/main.o" "../Src/main.c"
../Src/main.c: In function 'main':
../Src/main.c:142:30: warning: pointer targets in passing argument 2 of 'HAL_UART_Transmit' differ in signedness [-Wpointer-sign]
    HAL_UART_Transmit(&huart1,dataFrame,30,0xffff);
                              ^~~~~~~~~
In file included from /home/liguo/project/noneLab/noneLab-version-1.1/stm32/cube-codes/Inc/stm32f1xx_hal_conf.h:315:0,
                 from /home/liguo/project/noneLab/noneLab-version-1.1/stm32/cube-codes/Drivers/STM32F1xx_HAL_Driver/Inc/stm32f1xx_hal.h:46,
                 from ../Src/main.c:41:
/home/liguo/project/noneLab/noneLab-version-1.1/stm32/cube-codes/Drivers/STM32F1xx_HAL_Driver/Inc/stm32f1xx_hal_uart.h:635:19: note: expected 'uint8_t * {aka unsigned char *}' but argument is of type 'char *'
 HAL_StatusTypeDef HAL_UART_Transmit(UART_HandleTypeDef *huart, uint8_t *pData, uint16_t Size, uint32_t Timeout);
                   ^~~~~~~~~~~~~~~~~
../Src/main.c:126:12: warning: unused variable 'adcData' [-Wunused-variable]
   uint16_t adcData[5];
            ^~~~~~~
../Src/main.c:125:8: warning: unused variable 'adcStr' [-Wunused-variable]
   char adcStr[6];
        ^~~~~~
Finished building: ../Src/main.c
 
Building target: cube-codes.elf
Invoking: MCU GCC Linker
arm-none-eabi-gcc -mcpu=cortex-m3 -mthumb -mfloat-abi=soft -specs=nosys.specs -specs=nano.specs -T"../STM32F103ZETx_FLASH.ld" -Wl,-Map=output.map -Wl,--gc-sections -o "cube-codes.elf" @"objects.list"   -lm
Finished building target: cube-codes.elf
 
make --no-print-directory post-build
Generating binary and Printing size information:
arm-none-eabi-objcopy -O binary "cube-codes.elf" "cube-codes.bin"
arm-none-eabi-size "cube-codes.elf"
   text	   data	    bss	    dec	    hex	filename
  12432	    120	   1760	  14312	   37e8	cube-codes.elf
 
10:16:38 **** Incremental Build of configuration Debug for project cube-codes ****
make all 
Building file: ../Src/main.c
Invoking: MCU GCC Compiler
/home/liguo/project/noneLab/noneLab-version-1.1/stm32/cube-codes/Debug
arm-none-eabi-gcc -mcpu=cortex-m3 -mthumb -mfloat-abi=soft '-D__weak=__attribute__((weak))' '-D__packed="__attribute__((__packed__))"' -DUSE_HAL_DRIVER -DSTM32F103xE -I"/home/liguo/project/noneLab/noneLab-version-1.1/stm32/cube-codes/Inc" -I"/home/liguo/project/noneLab/noneLab-version-1.1/stm32/cube-codes/Drivers/STM32F1xx_HAL_Driver/Inc" -I"/home/liguo/project/noneLab/noneLab-version-1.1/stm32/cube-codes/Drivers/STM32F1xx_HAL_Driver/Inc/Legacy" -I"/home/liguo/project/noneLab/noneLab-version-1.1/stm32/cube-codes/Drivers/CMSIS/Device/ST/STM32F1xx/Include" -I"/home/liguo/project/noneLab/noneLab-version-1.1/stm32/cube-codes/Drivers/CMSIS/Include"  -Og -g3 -Wall -fmessage-length=0 -ffunction-sections -c -fmessage-length=0 -MMD -MP -MF"Src/main.d" -MT"Src/main.o" -o "Src/main.o" "../Src/main.c"
../Src/main.c: In function 'main':
../Src/main.c:142:30: warning: pointer targets in passing argument 2 of 'HAL_UART_Transmit' differ in signedness [-Wpointer-sign]
    HAL_UART_Transmit(&huart1,dataFrame,25,0xffff);
                              ^~~~~~~~~
In file included from /home/liguo/project/noneLab/noneLab-version-1.1/stm32/cube-codes/Inc/stm32f1xx_hal_conf.h:315:0,
                 from /home/liguo/project/noneLab/noneLab-version-1.1/stm32/cube-codes/Drivers/STM32F1xx_HAL_Driver/Inc/stm32f1xx_hal.h:46,
                 from ../Src/main.c:41:
/home/liguo/project/noneLab/noneLab-version-1.1/stm32/cube-codes/Drivers/STM32F1xx_HAL_Driver/Inc/stm32f1xx_hal_uart.h:635:19: note: expected 'uint8_t * {aka unsigned char *}' but argument is of type 'char *'
 HAL_StatusTypeDef HAL_UART_Transmit(UART_HandleTypeDef *huart, uint8_t *pData, uint16_t Size, uint32_t Timeout);
                   ^~~~~~~~~~~~~~~~~
../Src/main.c:126:12: warning: unused variable 'adcData' [-Wunused-variable]
   uint16_t adcData[5];
            ^~~~~~~
../Src/main.c:125:8: warning: unused variable 'adcStr' [-Wunused-variable]
   char adcStr[6];
        ^~~~~~
Finished building: ../Src/main.c
 
Building target: cube-codes.elf
Invoking: MCU GCC Linker
arm-none-eabi-gcc -mcpu=cortex-m3 -mthumb -mfloat-abi=soft -specs=nosys.specs -specs=nano.specs -T"../STM32F103ZETx_FLASH.ld" -Wl,-Map=output.map -Wl,--gc-sections -o "cube-codes.elf" @"objects.list"   -lm
Finished building target: cube-codes.elf
 
make --no-print-directory post-build
Generating binary and Printing size information:
arm-none-eabi-objcopy -O binary "cube-codes.elf" "cube-codes.bin"
arm-none-eabi-size "cube-codes.elf"
   text	   data	    bss	    dec	    hex	filename
  12432	    120	   1760	  14312	   37e8	cube-codes.elf
 
10:17:04 **** Incremental Build of configuration Debug for project cube-codes ****
make all 
Building file: ../Src/main.c
Invoking: MCU GCC Compiler
/home/liguo/project/noneLab/noneLab-version-1.1/stm32/cube-codes/Debug
arm-none-eabi-gcc -mcpu=cortex-m3 -mthumb -mfloat-abi=soft '-D__weak=__attribute__((weak))' '-D__packed="__attribute__((__packed__))"' -DUSE_HAL_DRIVER -DSTM32F103xE -I"/home/liguo/project/noneLab/noneLab-version-1.1/stm32/cube-codes/Inc" -I"/home/liguo/project/noneLab/noneLab-version-1.1/stm32/cube-codes/Drivers/STM32F1xx_HAL_Driver/Inc" -I"/home/liguo/project/noneLab/noneLab-version-1.1/stm32/cube-codes/Drivers/STM32F1xx_HAL_Driver/Inc/Legacy" -I"/home/liguo/project/noneLab/noneLab-version-1.1/stm32/cube-codes/Drivers/CMSIS/Device/ST/STM32F1xx/Include" -I"/home/liguo/project/noneLab/noneLab-version-1.1/stm32/cube-codes/Drivers/CMSIS/Include"  -Og -g3 -Wall -fmessage-length=0 -ffunction-sections -c -fmessage-length=0 -MMD -MP -MF"Src/main.d" -MT"Src/main.o" -o "Src/main.o" "../Src/main.c"
../Src/main.c: In function 'main':
../Src/main.c:142:30: warning: pointer targets in passing argument 2 of 'HAL_UART_Transmit' differ in signedness [-Wpointer-sign]
    HAL_UART_Transmit(&huart1,dataFrame,24,0xffff);
                              ^~~~~~~~~
In file included from /home/liguo/project/noneLab/noneLab-version-1.1/stm32/cube-codes/Inc/stm32f1xx_hal_conf.h:315:0,
                 from /home/liguo/project/noneLab/noneLab-version-1.1/stm32/cube-codes/Drivers/STM32F1xx_HAL_Driver/Inc/stm32f1xx_hal.h:46,
                 from ../Src/main.c:41:
/home/liguo/project/noneLab/noneLab-version-1.1/stm32/cube-codes/Drivers/STM32F1xx_HAL_Driver/Inc/stm32f1xx_hal_uart.h:635:19: note: expected 'uint8_t * {aka unsigned char *}' but argument is of type 'char *'
 HAL_StatusTypeDef HAL_UART_Transmit(UART_HandleTypeDef *huart, uint8_t *pData, uint16_t Size, uint32_t Timeout);
                   ^~~~~~~~~~~~~~~~~
../Src/main.c:126:12: warning: unused variable 'adcData' [-Wunused-variable]
   uint16_t adcData[5];
            ^~~~~~~
../Src/main.c:125:8: warning: unused variable 'adcStr' [-Wunused-variable]
   char adcStr[6];
        ^~~~~~
Finished building: ../Src/main.c
 
Building target: cube-codes.elf
Invoking: MCU GCC Linker
arm-none-eabi-gcc -mcpu=cortex-m3 -mthumb -mfloat-abi=soft -specs=nosys.specs -specs=nano.specs -T"../STM32F103ZETx_FLASH.ld" -Wl,-Map=output.map -Wl,--gc-sections -o "cube-codes.elf" @"objects.list"   -lm
Finished building target: cube-codes.elf
 
make --no-print-directory post-build
Generating binary and Printing size information:
arm-none-eabi-objcopy -O binary "cube-codes.elf" "cube-codes.bin"
arm-none-eabi-size "cube-codes.elf"
   text	   data	    bss	    dec	    hex	filename
  12432	    120	   1760	  14312	   37e8	cube-codes.elf
 
10:24:23 **** Incremental Build of configuration Debug for project cube-codes ****
make all 
Building file: ../Src/dataConv.c
Invoking: MCU GCC Compiler
/home/liguo/project/noneLab/noneLab-version-1.1/stm32/cube-codes/Debug
arm-none-eabi-gcc -mcpu=cortex-m3 -mthumb -mfloat-abi=soft '-D__weak=__attribute__((weak))' '-D__packed="__attribute__((__packed__))"' -DUSE_HAL_DRIVER -DSTM32F103xE -I"/home/liguo/project/noneLab/noneLab-version-1.1/stm32/cube-codes/Inc" -I"/home/liguo/project/noneLab/noneLab-version-1.1/stm32/cube-codes/Drivers/STM32F1xx_HAL_Driver/Inc" -I"/home/liguo/project/noneLab/noneLab-version-1.1/stm32/cube-codes/Drivers/STM32F1xx_HAL_Driver/Inc/Legacy" -I"/home/liguo/project/noneLab/noneLab-version-1.1/stm32/cube-codes/Drivers/CMSIS/Device/ST/STM32F1xx/Include" -I"/home/liguo/project/noneLab/noneLab-version-1.1/stm32/cube-codes/Drivers/CMSIS/Include"  -Og -g3 -Wall -fmessage-length=0 -ffunction-sections -c -fmessage-length=0 -MMD -MP -MF"Src/dataConv.d" -MT"Src/dataConv.o" -o "Src/dataConv.o" "../Src/dataConv.c"
../Src/dataConv.c: In function 'joinDataBody':
../Src/dataConv.c:18:21: warning: array subscript has type 'char' [-Wchar-subscripts]
         id[0]=dataId[index];
                     ^
../Src/dataConv.c:20:30: warning: array subscript has type 'char' [-Wchar-subscripts]
         sprintf(tmp,"%d",data[index]);
                              ^
../Src/dataConv.c:20:23: warning: format '%d' expects argument of type 'int', but argument 3 has type 'uint32_t {aka long unsigned int}' [-Wformat=]
         sprintf(tmp,"%d",data[index]);
                       ^
Finished building: ../Src/dataConv.c
 
Building target: cube-codes.elf
Invoking: MCU GCC Linker
arm-none-eabi-gcc -mcpu=cortex-m3 -mthumb -mfloat-abi=soft -specs=nosys.specs -specs=nano.specs -T"../STM32F103ZETx_FLASH.ld" -Wl,-Map=output.map -Wl,--gc-sections -o "cube-codes.elf" @"objects.list"   -lm
Finished building target: cube-codes.elf
 
make --no-print-directory post-build
Generating binary and Printing size information:
arm-none-eabi-objcopy -O binary "cube-codes.elf" "cube-codes.bin"
arm-none-eabi-size "cube-codes.elf"
   text	   data	    bss	    dec	    hex	filename
  12432	    120	   1760	  14312	   37e8	cube-codes.elf
 
10:24:54 **** Incremental Build of configuration Debug for project cube-codes ****
make all 
Building file: ../Src/main.c
Invoking: MCU GCC Compiler
/home/liguo/project/noneLab/noneLab-version-1.1/stm32/cube-codes/Debug
arm-none-eabi-gcc -mcpu=cortex-m3 -mthumb -mfloat-abi=soft '-D__weak=__attribute__((weak))' '-D__packed="__attribute__((__packed__))"' -DUSE_HAL_DRIVER -DSTM32F103xE -I"/home/liguo/project/noneLab/noneLab-version-1.1/stm32/cube-codes/Inc" -I"/home/liguo/project/noneLab/noneLab-version-1.1/stm32/cube-codes/Drivers/STM32F1xx_HAL_Driver/Inc" -I"/home/liguo/project/noneLab/noneLab-version-1.1/stm32/cube-codes/Drivers/STM32F1xx_HAL_Driver/Inc/Legacy" -I"/home/liguo/project/noneLab/noneLab-version-1.1/stm32/cube-codes/Drivers/CMSIS/Device/ST/STM32F1xx/Include" -I"/home/liguo/project/noneLab/noneLab-version-1.1/stm32/cube-codes/Drivers/CMSIS/Include"  -Og -g3 -Wall -fmessage-length=0 -ffunction-sections -c -fmessage-length=0 -MMD -MP -MF"Src/main.d" -MT"Src/main.o" -o "Src/main.o" "../Src/main.c"
../Src/main.c: In function 'main':
../Src/main.c:142:30: warning: pointer targets in passing argument 2 of 'HAL_UART_Transmit' differ in signedness [-Wpointer-sign]
    HAL_UART_Transmit(&huart1,dataFrame,30,0xffff);
                              ^~~~~~~~~
In file included from /home/liguo/project/noneLab/noneLab-version-1.1/stm32/cube-codes/Inc/stm32f1xx_hal_conf.h:315:0,
                 from /home/liguo/project/noneLab/noneLab-version-1.1/stm32/cube-codes/Drivers/STM32F1xx_HAL_Driver/Inc/stm32f1xx_hal.h:46,
                 from ../Src/main.c:41:
/home/liguo/project/noneLab/noneLab-version-1.1/stm32/cube-codes/Drivers/STM32F1xx_HAL_Driver/Inc/stm32f1xx_hal_uart.h:635:19: note: expected 'uint8_t * {aka unsigned char *}' but argument is of type 'char *'
 HAL_StatusTypeDef HAL_UART_Transmit(UART_HandleTypeDef *huart, uint8_t *pData, uint16_t Size, uint32_t Timeout);
                   ^~~~~~~~~~~~~~~~~
../Src/main.c:126:12: warning: unused variable 'adcData' [-Wunused-variable]
   uint16_t adcData[5];
            ^~~~~~~
../Src/main.c:125:8: warning: unused variable 'adcStr' [-Wunused-variable]
   char adcStr[6];
        ^~~~~~
Finished building: ../Src/main.c
 
Building target: cube-codes.elf
Invoking: MCU GCC Linker
arm-none-eabi-gcc -mcpu=cortex-m3 -mthumb -mfloat-abi=soft -specs=nosys.specs -specs=nano.specs -T"../STM32F103ZETx_FLASH.ld" -Wl,-Map=output.map -Wl,--gc-sections -o "cube-codes.elf" @"objects.list"   -lm
Finished building target: cube-codes.elf
 
make --no-print-directory post-build
Generating binary and Printing size information:
arm-none-eabi-objcopy -O binary "cube-codes.elf" "cube-codes.bin"
arm-none-eabi-size "cube-codes.elf"
   text	   data	    bss	    dec	    hex	filename
  12432	    120	   1760	  14312	   37e8	cube-codes.elf
 
10:27:41 **** Incremental Build of configuration Debug for project cube-codes ****
make all 
Building file: ../Src/main.c
Invoking: MCU GCC Compiler
/home/liguo/project/noneLab/noneLab-version-1.1/stm32/cube-codes/Debug
arm-none-eabi-gcc -mcpu=cortex-m3 -mthumb -mfloat-abi=soft '-D__weak=__attribute__((weak))' '-D__packed="__attribute__((__packed__))"' -DUSE_HAL_DRIVER -DSTM32F103xE -I"/home/liguo/project/noneLab/noneLab-version-1.1/stm32/cube-codes/Inc" -I"/home/liguo/project/noneLab/noneLab-version-1.1/stm32/cube-codes/Drivers/STM32F1xx_HAL_Driver/Inc" -I"/home/liguo/project/noneLab/noneLab-version-1.1/stm32/cube-codes/Drivers/STM32F1xx_HAL_Driver/Inc/Legacy" -I"/home/liguo/project/noneLab/noneLab-version-1.1/stm32/cube-codes/Drivers/CMSIS/Device/ST/STM32F1xx/Include" -I"/home/liguo/project/noneLab/noneLab-version-1.1/stm32/cube-codes/Drivers/CMSIS/Include"  -Og -g3 -Wall -fmessage-length=0 -ffunction-sections -c -fmessage-length=0 -MMD -MP -MF"Src/main.d" -MT"Src/main.o" -o "Src/main.o" "../Src/main.c"
../Src/main.c: In function 'main':
../Src/main.c:144:30: warning: pointer targets in passing argument 2 of 'HAL_UART_Transmit' differ in signedness [-Wpointer-sign]
    HAL_UART_Transmit(&huart1,TxData,24,0xffff);
                              ^~~~~~
In file included from /home/liguo/project/noneLab/noneLab-version-1.1/stm32/cube-codes/Inc/stm32f1xx_hal_conf.h:315:0,
                 from /home/liguo/project/noneLab/noneLab-version-1.1/stm32/cube-codes/Drivers/STM32F1xx_HAL_Driver/Inc/stm32f1xx_hal.h:46,
                 from ../Src/main.c:41:
/home/liguo/project/noneLab/noneLab-version-1.1/stm32/cube-codes/Drivers/STM32F1xx_HAL_Driver/Inc/stm32f1xx_hal_uart.h:635:19: note: expected 'uint8_t * {aka unsigned char *}' but argument is of type 'char *'
 HAL_StatusTypeDef HAL_UART_Transmit(UART_HandleTypeDef *huart, uint8_t *pData, uint16_t Size, uint32_t Timeout);
                   ^~~~~~~~~~~~~~~~~
../Src/main.c:126:12: warning: unused variable 'adcData' [-Wunused-variable]
   uint16_t adcData[5];
            ^~~~~~~
../Src/main.c:125:8: warning: unused variable 'adcStr' [-Wunused-variable]
   char adcStr[6];
        ^~~~~~
Finished building: ../Src/main.c
 
Building target: cube-codes.elf
Invoking: MCU GCC Linker
arm-none-eabi-gcc -mcpu=cortex-m3 -mthumb -mfloat-abi=soft -specs=nosys.specs -specs=nano.specs -T"../STM32F103ZETx_FLASH.ld" -Wl,-Map=output.map -Wl,--gc-sections -o "cube-codes.elf" @"objects.list"   -lm
Finished building target: cube-codes.elf
 
make --no-print-directory post-build
Generating binary and Printing size information:
arm-none-eabi-objcopy -O binary "cube-codes.elf" "cube-codes.bin"
arm-none-eabi-size "cube-codes.elf"
   text	   data	    bss	    dec	    hex	filename
  12432	    120	   1760	  14312	   37e8	cube-codes.elf
 
