C51 COMPILER V9.54   51                                                                    04/16/2018 19:31:57 PAGE 1   


C51 COMPILER V9.54, COMPILATION OF MODULE 51
OBJECT MODULE PLACED IN .\Objects\51.obj
COMPILER INVOKED BY: E:\Keil_v5\C51\BIN\C51.EXE 51.c OPTIMIZE(8,SPEED) BROWSE DEBUG OBJECTEXTEND PRINT(.\Listings\51.lst
                    -) TABS(2) OBJECT(.\Objects\51.obj)

line level    source

   1          #include<reg52.h>  
   2          #define uchar unsigned char  
   3          #define uint  unsigned int  
   4          sbit p20=P2^3;
   5          uchar buf,buf2,buf3;  
   6          uchar receive[2],num=0;
   7          void main(void)  
   8          {  
   9   1      SCON=0x50;//????????0101 0000  
  10   1      PCON=0x00;  
  11   1      TMOD=0x20;  
  12   1      EA=1;  
  13   1      ES=1;  
  14   1      TL1=0xfd;//???9600  
  15   1      TH1=0xfd;  
  16   1      TR1=1;  
  17   1      while(1){
  18   2        P1 = receive[0];
  19   2        if(receive[1]=='0'){
  20   3          p20 = 0;
  21   3        }else{
  22   3          p20 = 1;
  23   3        }
  24   2      }  
  25   1      }  
  26            
  27          //????????  
  28          void serial() interrupt 4  
  29           {  
  30   1         if(RI)                        
  31   1           {
  32   2             RI=0;
  33   2             ES=0;
  34   2            receive[num]=SBUF;
  35   2            num++;
  36   2            if(num==2)num=0;
  37   2            ES=1;
  38   2              
  39   2                 //????????    
  40   2          /*buf=SBUF;   //???????SBUF??buf??  
  41   2          if(buf=='#'){
  42   2            buf2 = SBUF;
  43   2            P1 = buf2;
  44   2            buf3 = SBUF;
  45   2            p20 = buf3;
  46   2          }*/
  47   2          
  48   2                 //????????  
  49   2                 
  50   2        }
  51   1         if(TI)                        
  52   1       {
  53   2         TI=0;
  54   2         TI = 0;
C51 COMPILER V9.54   51                                                                    04/16/2018 19:31:57 PAGE 2   

  55   2          
  56   2        }
  57   1          
  58   1      }  
  59              


MODULE INFORMATION:   STATIC OVERLAYABLE
   CODE SIZE        =     86    ----
   CONSTANT SIZE    =   ----    ----
   XDATA SIZE       =   ----    ----
   PDATA SIZE       =   ----    ----
   DATA SIZE        =      6    ----
   IDATA SIZE       =   ----    ----
   BIT SIZE         =   ----    ----
END OF MODULE INFORMATION.


C51 COMPILATION COMPLETE.  0 WARNING(S),  0 ERROR(S)
